CSFML_API_EXPORT=0
CSFML_API_IMPORT=0
CSFML_DEPRECATED=0
CSFML_EXTERN_C=0
CSFML_SYSTEM_FREEBSD=0
CSFML_SYSTEM_LINUX=0
CSFML_SYSTEM_MACOS=0
CSFML_SYSTEM_WINDOWS=0
CSFML_VERSION_MAJOR=0
CSFML_VERSION_MINOR=0
CSFML_VERSION_PATCH=0
SFML_BLENDMODE_H=0
SFML_CIRCLESHAPE_H=0
SFML_CLIPBOARD_H=0
SFML_CLOCK_H=0
SFML_COLOR_H=0
SFML_CONFIG_H=0
SFML_CONTEXT_H=0
SFML_CONVEXSHAPE_H=0
SFML_CURSOR_H=0
SFML_DEFINE_DISCRETE_GPU_PREFERENCE=0
SFML_EVENT_H=0
SFML_FONTINFO_H=0
SFML_FONT_H=0
SFML_FTP_H=0
SFML_GLYPH_H=0
SFML_GPUPREFERENCE_H=0
SFML_HTTP_H=0
SFML_IMAGE_H=0
SFML_INPUTSTREAM_H=0
SFML_IPADDRESS_H=0
SFML_JOYSTICKIDENDIFICATION_H=0
SFML_JOYSTICK_H=0
SFML_KEYBOARD_H=0
SFML_LISTENER_H=0
SFML_MOUSE_H=0
SFML_MUSIC_H=0
SFML_MUTEX_H=0
SFML_OPENGL_H=0
SFML_PACKET_H=0
SFML_PRIMITIVETYPE_H=0
SFML_RECTANGLESHAPE_H=0
SFML_RECT_H=0
SFML_RENDERSTATES_H=0
SFML_RENDERTEXTURE_H=0
SFML_RENDERWINDOW_H=0
SFML_SENSOR_H=0
SFML_SFML_WINDOW_H=0
SFML_SHADER_H=0
SFML_SHAPE_H=0
SFML_SLEEP_H=0
SFML_SOCKETSELECTOR_H=0
SFML_SOCKETSTATUS_H=0
SFML_SOUNDBUFFERRECORDER_H=0
SFML_SOUNDBUFFER_H=0
SFML_SOUNDRECORDER_H=0
SFML_SOUNDSTATUS_H=0
SFML_SOUNDSTREAM_H=0
SFML_SOUND_H=0
SFML_SPRITE_H=0
SFML_TCPLISTENER_H=0
SFML_TCPSOCKET_H=0
SFML_TEXTURE_H=0
SFML_TEXT_H=0
SFML_THREAD_H=0
SFML_TIME_H=0
SFML_TOUCH_H=0
SFML_TRANSFORMABLE_H=0
SFML_TRANSFORM_H=0
SFML_UDPSOCKET_H=0
SFML_VECTOR2_H=0
SFML_VECTOR3_H=0
SFML_VERTEXARRAY_H=0
SFML_VERTEXBUFFER_H=0
SFML_VERTEX_H=0
SFML_VIDEOMODE_H=0
SFML_VIEW_H=0
sfFalse=0
sfTrue=0
