%out
&&
.186
.286
.286c
.286p
.287
.386
.386c
.386p
.387
.486
.486p
.586
.586p
.686
.686p
.8086
.8087
.allocstack
.alpha
.break
.code
.const
.continue
.cref
.data
.data?
.dosseg
.else
.elseif
.elseifbitclr
.elseifbitset
.endif
.endprolog
.endw
.err
.err1
.err2
.errb
.errdef
.errdif
.errdifi
.erre
.erridn
.erridni
.errnb
.errndef
.errnz
.exit
.fardata
.fardata?
.fpo
.if
.ifbitclr
.ifbitset
.k3d
.lall
.lfcond
.list
.listall
.listif
.listmacro
.listmacroall
.mmx
.model
.msfloat
.no87
.nocref
.nolist
.nolistif
.nolistmacro
.pushframe
.pushreg
.radix
.repeat
.safeseh
.sall
.savereg
.savexmm128
.seq
.setframe
.sfcond
.stack
.startup
.tfcond
.type
.until
.untilcxz
.while
.xall
.xcref
.xlist
.xmm
?
@@
@@eom
@b
@catstr
@code
@codesize
@cpu
@curseg
@data
@datasize
@date
@environ
@f
@fardata
@fardata?
@filecur
@filename
@instr
@interface
@line
@model
@sizestr
@stack
@substr
@time
@version
@wordsize
aaa
aad
aam
aas
abs
abstractmethod
acall
adc
add
addpd
addps
addr
addsd
addss
ah
al
alias
align
all
and
andnpd
andnps
andpd
andps
arpl
assume
assumes
at
ax
basic
bh
bitclr
bitset
bittog
bittoggle
bl
bound
bp
bpl
bsf
bsr
bswap
bt
btc
btr
bts
bx
c
call
carry?
casemap
catstr
cbw
cdq
ch
chr
chra
chrw
cl
clc
cld
clflush
cli
clts
cmc
cmova
cmovae
cmovb
cmovbe
cmovc
cmove
cmovg
cmovge
cmovl
cmovle
cmovna
cmovnae
cmovnb
cmovnbe
cmovnc
cmovne
cmovng
cmovnge
cmovnl
cmovnle
cmovno
cmovnp
cmovns
cmovnz
cmovo
cmovp
cmovpe
cmovpo
cmovs
cmovz
cmp
cmppd
cmpps
cmps
cmpsb
cmpsd
cmpss
cmpsw
cmpxchg
cmpxchg8b
comisd
comiss
comm
comment
common
compact
cpu
cpuid
cr0
cr2
cr3
cr4
cs
cvtdq2pd
cvtdq2ps
cvtpd2dq
cvtpd2pi
cvtpd2ps
cvtpdps
cvtpi2pd
cvtpi2ps
cvtps2dq
cvtps2pd
cvtps2pi
cvtsd2si
cvtsd2ss
cvtsi2sd
cvtsi2ss
cvtss2sd
cvtss2si
cvttpd2dq
cvttpd2pi
cvttps2dq
cvttps2pi
cvttsd2si
cvttsi2sd
cvttsi2ss
cvttss2si
cwd
cwde
cx
daa
das
db
dbgdec
dbghex
dbgstr
dbgstra
dbgstrw
dcall
dd
dec
df
dh
di
dil
div
divpd
divps
divsd
divss
dl
dosseg
dotname
dq
dr0
dr1
dr2
dr3
dr6
dr7
ds
dt
dup
dw
dx
dynamicmethod
eax
ebp
ebx
echo
ecx
edi
edx
efer
eflags
eip
else
elseif
elseif1
elseif2
elseifb
elseifdef
elseifdif
elseifdifi
elseife
elseifidn
elseifidni
elseifnb
elseifndef
emms
emulator
end
endif
endm
endp
ends
enter
epilogue
eq
equ
error
es
esi
esp
even
event
exitm
export
exports
expr16
expr32
extern
externdef
extrn
f2xm1
fabs
fadd
faddp
far
far16
far32
farstack
fbld
fbstp
fchs
fclex
fcmova
fcmovae
fcmovb
fcmovbe
fcmove
fcmovna
fcmovnae
fcmovnb
fcmovnbe
fcmovne
fcmovnu
fcmovu
fcom
fcomi
fcomip
fcomp
fcompp
fcos
fdecstp
fdisi
fdiv
fdivp
fdivr
fdivrp
femms
feni
ffree
fiadd
ficom
ficomp
fidiv
fidivr
fild
fimul
fincstp
finit
fist
fistp
fisub
fisubr
flat
fld
fld1
fldcw
fldenv
fldenvd
fldenvw
fldl2e
fldl2t
fldlg2
fldln2
fldpi
fldz
fmul
fmulp
fnclex
fndisi
fneni
fninit
fnop
fnsave
fnsaved
fnsavew
fnstcw
fnstenv
fnstenvd
fnstenvw
fnstsw
for
forc
forceframe
fortran
fpatan
fprem
fprem1
fptan
frame
frndint
frstor
frstord
frstorw
fs
fsave
fsaved
fsavew
fscale
fsetpm
fsin
fsincos
fsqrt
fst
fstcw
fstenv
fstenvd
fstenvw
fstp
fstsw
fsub
fsubp
fsubr
fsubrp
ftst
fucom
fucomi
fucomip
fucomp
fucompp
fwait
fword
fxam
fxch
fxrstor
fxsave
fxtract
fyl2x
fyl2xp1
gdtr
ge
goto
group
gs
gt
high
high32
highword
hlt
huge
idiv
idtr
if
if1
if2
ifb
ifdef
ifdif
ifdifi
ife
ifidn
ifidni
ifnb
ifndef
imagerel
imul
in
inc
incbin
include
includelib
ins
insb
insd
instr
insw
int
into
invd
invlpg
invoke
iret
iretd
iretdf
iretf
irp
irpc
ja
jae
jb
jbe
jc
jcxz
je
jecxz
jg
jge
jl
jle
jmp
jna
jnae
jnb
jnbe
jnc
jne
jng
jnge
jnl
jnle
jno
jnp
jns
jnz
jo
jp
jpe
jpo
js
jz
label
lahf
language
lar
large
ldmxcsr
lds
ldtr
le
lea
leave
length
lengthof
les
lfence
lfs
lgdt
lgs
library
lidt
listing
ljmp
lldt
lmsw
loadds
local
lock
lods
lodsb
lodsd
lodsw
loop
loopd
loope
looped
loopew
loopne
loopned
loopnew
loopnz
loopnzd
loopnzw
loopw
loopz
loopzd
loopzw
low
low32
lowword
lroffset
lsl
lss
lt
ltr
m510
macro
mask
maskmovdqu
maskmovq
maxpd
maxps
maxsd
maxss
medium
memory
method
methodaddr
methodend
mfence
minpd
minps
minsd
minss
mm
mm0
mm1
mm2
mm3
mm4
mm5
mm6
mm7
mod
monitor
mov
movapd
movaps
movd
movdq2q
movdqa
movdqu
movhlps
movhpd
movhps
movlhps
movlpd
movlps
movmskpd
movmskps
movnig
movntdq
movnti
movntpd
movntps
movntq
movq
movq2dq
movqa
movs
movsb
movsd
movsq
movss
movsw
movsx
movsxd
movupd
movups
movzx
mul
mulpd
mulps
mulsd
mulss
name
ne
near
near16
near32
nearstack
neg
nodotname
noemulator
nokeyword
noljmp
nom510
nooldmacros
nooldstructs
nop
noreadonly
noscoped
nosignextend
not
nothing
notpublic
object
objectend
ocall
offset
oldmacros
oldstdcall
oldstructs
opattr
option
or
org
orpd
orps
os_dos
out
outs
outsb
outsd
outsw
overflow?
packssdw
packsswb
packusdw
packuswb
paddb
paddd
paddq
paddsb
paddsw
paddusb
paddusw
paddw
page
pand
pandn
para
parity?
pascal
pavgb
pavgusb
pavgw
pcmpeqb
pcmpeqd
pcmpeqw
pcmpgtb
pcmpgtd
pcmpgtw
pextrw
pf2id
pf2iw
pfacc
pfadd
pfcmpeq
pfcmpge
pfcmpgt
pfmax
pfmin
pfmul
pfnacc
pfpnacc
pfrcp
pfrcpit1
pfrcpit2
pfrsqit1
pfrsqrt
pfsub
pfsubr
pi2fd
pi2fw
pinsrw
pmaddwd
pmaxsw
pmaxub
pminsw
pminub
pmovmskb
pmulhrw
pmulhuw
pmulhw
pmullw
pmuludq
pop
popa
popad
popcontext
popf
popfd
popfq
por
prefetch
prefetchnta
prefetcht0
prefetcht1
prefetcht2
private
privateend
proc
prologue
proto
psadbw
pshufd
pshufhw
pshuflw
pshufw
pslld
pslldq
psllq
psllw
psrad
psraq
psraw
psrld
psrldq
psrlq
psrlw
pstring
pstringa
pstringw
psubb
psubd
psubq
psubsb
psubsw
psubusb
psubusw
psubw
pswapd
ptr
public
punpckhbw
punpckhdq
punpckhqdq
punpckhwd
punpcklbw
punpckldq
punpcklqdq
punpcklwd
purge
push
pusha
pushad
pushaw
pushcontext
pushd
pushf
pushfd
pushfq
pushw
pxor
r0
r0b
r0d
r0w
r1
r10
r10b
r10d
r10w
r11
r11b
r11d
r11w
r12
r12b
r12d
r12w
r13
r13b
r13d
r13w
r14
r14b
r14d
r14w
r15
r15b
r15d
r15w
r1b
r1d
r1w
r2
r2b
r2d
r2w
r3
r3b
r3d
r3w
r4
r4b
r4d
r4w
r5
r5b
r5d
r5w
r6
r6b
r6d
r6w
r7
r7b
r7d
r7w
r8
r8b
r8d
r8w
r9
r9b
r9d
r9w
radix
rax
rbp
rbx
rcl
rcpps
rcpss
rcr
rcx
rdi
rdivisr
rdmsr
rdpmc
rdtsc
rdx
readonly
record
rep
repe
repeat
repne
repnz
rept
repz
req
ret
retf
retn
rflags
rip
rol
ror
rsi
rsm
rsp
rsqrtps
rsqrtss
sahf
sal
sar
sbb
scas
scasb
scasd
scasw
scoped
sectionrel
seg
segment
seta
setae
setb
setbe
setc
sete
setg
setge
setif2
setl
setle
setna
setnae
setnb
setnbe
setnc
setne
setng
setnge
setnl
setnle
setno
setnp
setns
setnz
seto
setobject
setp
setpe
setpo
sets
setz
sfence
sgdt
shl
shld
short
shr
shrd
shufpd
shufps
si
sidt
sign?
sil
size
sizeof
sizestr
sldt
small
smsw
sp
spl
sqrtpd
sqrtps
sqrtsd
sqrtss
ss
st
stack
staticmethod
stc
std
stdcall
sti
stmxcsr
stos
stosb
stosd
stosw
str
struc
struct
sub
subpd
subps
subsd
subss
substr
subtitle
subttl
swapgs
syscall
sysenter
sysexit
sysret
tbyte
test
textequ
this
tiny
title
tr3
tr4
tr5
tr6
tr7
type
typedef
ucomisd
ucomiss
union
unpckhpd
unpckhps
unpcklpd
unpcklps
use16
use32
uses
uses$
vararg
verr
verw
virtualmethod
wait
wbinvd
while
width
wrmsr
xacall
xadd
xchg
xdcall
xlat
xlatb
xmm0
xmm1
xmm10
xmm11
xmm12
xmm13
xmm14
xmm15
xmm2
xmm3
xmm4
xmm5
xmm6
xmm7
xmm8
xmm9
xocall
xor
xorpd
xorps
ymm0
ymm1
ymm10
ymm11
ymm12
ymm13
ymm14
ymm15
ymm2
ymm3
ymm4
ymm5
ymm6
ymm7
ymm8
ymm9
zero?
||
