ADCDECLSPEC
IN
OLEDBDECLSPEC
OPTIONAL
OUT
PURE
_Acquires_exclusive_lock_
_Acquires_lock_
_Acquires_nonreentrant_lock_
_Acquires_shared_lock_
_Always_
_Always_impl_
_Analysis_assume_
_Analysis_assume_nullterminated_
_Analysis_mode_
_Analysis_mode_impl_
_Analysis_noreturn_
_At_
_At_buffer_
_At_buffer_impl_
_At_impl_
_Bound_impl_
_COM_Outptr_
_COM_Outptr_opt_
_COM_Outptr_opt_result_maybenull_
_COM_Outptr_result_maybenull_
_CRT_INSECURE_DEPRECATE
_CRT_INSECURE_DEPRECATE_MEMORY
_CRT_NONSTDC_DEPRECATE
_CRT_OBSOLETE
_Called_from_function_class_
_Check_return_
_Check_return_impl_
_Const_
_Create_lock_level_
_Deref2_post1_impl_
_Deref2_pre1_impl_
_Deref2_pre_readonly_
_Deref2_ret1_impl_
_Deref_impl_
_Deref_in_bound_
_Deref_in_bound_impl_
_Deref_in_range_
_Deref_in_range_impl_
_Deref_inout_bound_
_Deref_inout_z_
_Deref_inout_z_bytecap_c_
_Deref_inout_z_cap_c_
_Deref_opt_out_
_Deref_opt_out_opt_
_Deref_opt_out_opt_z_
_Deref_opt_out_z_
_Deref_out_
_Deref_out_bound_
_Deref_out_bound_impl_
_Deref_out_opt_
_Deref_out_opt_z_
_Deref_out_range_
_Deref_out_range_impl_
_Deref_out_z_
_Deref_out_z_bytecap_c_
_Deref_out_z_cap_c_
_Deref_post1_impl_
_Deref_post2_impl_
_Deref_post3_impl_
_Deref_post_bytecap_
_Deref_post_bytecap_c_
_Deref_post_bytecap_x_
_Deref_post_bytecount_
_Deref_post_bytecount_c_
_Deref_post_bytecount_x_
_Deref_post_cap_
_Deref_post_cap_c_
_Deref_post_cap_x_
_Deref_post_count_
_Deref_post_count_c_
_Deref_post_count_x_
_Deref_post_impl_
_Deref_post_maybenull_
_Deref_post_notnull_
_Deref_post_null_
_Deref_post_opt_bytecap_
_Deref_post_opt_bytecap_c_
_Deref_post_opt_bytecap_x_
_Deref_post_opt_bytecount_
_Deref_post_opt_bytecount_c_
_Deref_post_opt_bytecount_x_
_Deref_post_opt_cap_
_Deref_post_opt_cap_c_
_Deref_post_opt_cap_x_
_Deref_post_opt_count_
_Deref_post_opt_count_c_
_Deref_post_opt_count_x_
_Deref_post_opt_valid_
_Deref_post_opt_valid_bytecap_
_Deref_post_opt_valid_bytecap_c_
_Deref_post_opt_valid_bytecap_x_
_Deref_post_opt_valid_cap_
_Deref_post_opt_valid_cap_c_
_Deref_post_opt_valid_cap_x_
_Deref_post_opt_z_
_Deref_post_opt_z_bytecap_
_Deref_post_opt_z_bytecap_c_
_Deref_post_opt_z_bytecap_x_
_Deref_post_opt_z_cap_
_Deref_post_opt_z_cap_c_
_Deref_post_opt_z_cap_x_
_Deref_post_valid_
_Deref_post_valid_bytecap_
_Deref_post_valid_bytecap_c_
_Deref_post_valid_bytecap_x_
_Deref_post_valid_cap_
_Deref_post_valid_cap_c_
_Deref_post_valid_cap_x_
_Deref_post_z_
_Deref_post_z_bytecap_
_Deref_post_z_bytecap_c_
_Deref_post_z_bytecap_x_
_Deref_post_z_cap_
_Deref_post_z_cap_c_
_Deref_post_z_cap_x_
_Deref_pre1_impl_
_Deref_pre2_impl_
_Deref_pre3_impl_
_Deref_pre_bytecap_
_Deref_pre_bytecap_c_
_Deref_pre_bytecap_x_
_Deref_pre_bytecount_
_Deref_pre_bytecount_c_
_Deref_pre_bytecount_x_
_Deref_pre_cap_
_Deref_pre_cap_c_
_Deref_pre_cap_x_
_Deref_pre_count_
_Deref_pre_count_c_
_Deref_pre_count_x_
_Deref_pre_impl_
_Deref_pre_invalid_
_Deref_pre_maybenull_
_Deref_pre_notnull_
_Deref_pre_null_
_Deref_pre_opt_bytecap_
_Deref_pre_opt_bytecap_c_
_Deref_pre_opt_bytecap_x_
_Deref_pre_opt_bytecount_
_Deref_pre_opt_bytecount_c_
_Deref_pre_opt_bytecount_x_
_Deref_pre_opt_cap_
_Deref_pre_opt_cap_c_
_Deref_pre_opt_cap_x_
_Deref_pre_opt_count_
_Deref_pre_opt_count_c_
_Deref_pre_opt_count_x_
_Deref_pre_opt_valid_
_Deref_pre_opt_valid_bytecap_
_Deref_pre_opt_valid_bytecap_c_
_Deref_pre_opt_valid_bytecap_x_
_Deref_pre_opt_valid_cap_
_Deref_pre_opt_valid_cap_c_
_Deref_pre_opt_valid_cap_x_
_Deref_pre_opt_z_
_Deref_pre_opt_z_bytecap_
_Deref_pre_opt_z_bytecap_c_
_Deref_pre_opt_z_bytecap_x_
_Deref_pre_opt_z_cap_
_Deref_pre_opt_z_cap_c_
_Deref_pre_opt_z_cap_x_
_Deref_pre_readonly_
_Deref_pre_valid_
_Deref_pre_valid_bytecap_
_Deref_pre_valid_bytecap_c_
_Deref_pre_valid_bytecap_x_
_Deref_pre_valid_cap_
_Deref_pre_valid_cap_c_
_Deref_pre_valid_cap_x_
_Deref_pre_writeonly_
_Deref_pre_z_
_Deref_pre_z_bytecap_
_Deref_pre_z_bytecap_c_
_Deref_pre_z_bytecap_x_
_Deref_pre_z_cap_
_Deref_pre_z_cap_c_
_Deref_pre_z_cap_x_
_Deref_prepost_bytecap_
_Deref_prepost_bytecap_x_
_Deref_prepost_bytecount_
_Deref_prepost_bytecount_x_
_Deref_prepost_cap_
_Deref_prepost_cap_x_
_Deref_prepost_count_
_Deref_prepost_count_x_
_Deref_prepost_opt_bytecap_
_Deref_prepost_opt_bytecap_x_
_Deref_prepost_opt_bytecount_
_Deref_prepost_opt_bytecount_x_
_Deref_prepost_opt_cap_
_Deref_prepost_opt_cap_x_
_Deref_prepost_opt_count_
_Deref_prepost_opt_count_x_
_Deref_prepost_opt_valid_
_Deref_prepost_opt_valid_bytecap_
_Deref_prepost_opt_valid_bytecap_x_
_Deref_prepost_opt_valid_cap_
_Deref_prepost_opt_valid_cap_x_
_Deref_prepost_opt_z_
_Deref_prepost_opt_z_bytecap_
_Deref_prepost_opt_z_cap_
_Deref_prepost_valid_
_Deref_prepost_valid_bytecap_
_Deref_prepost_valid_bytecap_x_
_Deref_prepost_valid_cap_
_Deref_prepost_valid_cap_x_
_Deref_prepost_z_
_Deref_prepost_z_bytecap_
_Deref_prepost_z_cap_
_Deref_ret1_impl_
_Deref_ret2_impl_
_Deref_ret3_impl_
_Deref_ret_bound_
_Deref_ret_bound_impl_
_Deref_ret_opt_z_
_Deref_ret_range_
_Deref_ret_range_impl_
_Deref_ret_z_
_Enum_is_bitflag_
_Field_range_
_Field_range_impl_
_Field_size_
_Field_size_bytes_
_Field_size_bytes_full_
_Field_size_bytes_full_opt_
_Field_size_bytes_opt_
_Field_size_bytes_part_
_Field_size_bytes_part_opt_
_Field_size_full_
_Field_size_full_opt_
_Field_size_opt_
_Field_size_part_
_Field_size_part_opt_
_Field_z_
_Format_string_impl_
_Frees_ptr_
_Frees_ptr_opt_
_Function_class_
_Group_
_Group_impl_
_Guarded_by_
_Has_lock_kind_
_Has_lock_level_
_IRQL_always_function_max_
_IRQL_always_function_min_
_IRQL_raises_
_IRQL_requires_
_IRQL_requires_max_
_IRQL_requires_min_
_IRQL_requires_same_
_IRQL_restores_
_IRQL_restores_global_
_IRQL_saves_
_IRQL_saves_global_
_IRQL_uses_cancel_
_In_
_In_NLS_string_
_In_bound_
_In_bound_impl_
_In_bytecount_
_In_bytecount_c_
_In_bytecount_x_
_In_count_
_In_count_c_
_In_count_x_
_In_defensive_
_In_function_class_
_In_opt_
_In_opt_bytecount_
_In_opt_bytecount_c_
_In_opt_bytecount_x_
_In_opt_count_
_In_opt_count_c_
_In_opt_count_x_
_In_opt_ptrdiff_count_
_In_opt_z_
_In_opt_z_bytecount_
_In_opt_z_bytecount_c_
_In_opt_z_count_
_In_opt_z_count_c_
_In_ptrdiff_count_
_In_range_
_In_range_impl_
_In_reads_
_In_reads_bytes_
_In_reads_bytes_opt_
_In_reads_opt_
_In_reads_opt_z_
_In_reads_or_z_
_In_reads_or_z_opt_
_In_reads_to_ptr_
_In_reads_to_ptr_opt_
_In_reads_to_ptr_opt_z_
_In_reads_to_ptr_z_
_In_reads_z_
_In_z_
_In_z_bytecount_
_In_z_bytecount_c_
_In_z_count_
_In_z_count_c_
_Inout_
_Inout_bytecap_
_Inout_bytecap_c_
_Inout_bytecap_x_
_Inout_bytecount_
_Inout_bytecount_c_
_Inout_bytecount_x_
_Inout_cap_
_Inout_cap_c_
_Inout_cap_x_
_Inout_count_
_Inout_count_c_
_Inout_count_x_
_Inout_defensive_
_Inout_opt_
_Inout_opt_bytecap_
_Inout_opt_bytecap_c_
_Inout_opt_bytecap_x_
_Inout_opt_bytecount_
_Inout_opt_bytecount_c_
_Inout_opt_bytecount_x_
_Inout_opt_cap_
_Inout_opt_cap_c_
_Inout_opt_cap_x_
_Inout_opt_count_
_Inout_opt_count_c_
_Inout_opt_count_x_
_Inout_opt_ptrdiff_count_
_Inout_opt_z_
_Inout_opt_z_bytecap_
_Inout_opt_z_bytecap_c_
_Inout_opt_z_bytecap_x_
_Inout_opt_z_bytecount_
_Inout_opt_z_bytecount_c_
_Inout_opt_z_cap_
_Inout_opt_z_cap_c_
_Inout_opt_z_cap_x_
_Inout_opt_z_count_
_Inout_opt_z_count_c_
_Inout_ptrdiff_count_
_Inout_updates_
_Inout_updates_all_
_Inout_updates_all_opt_
_Inout_updates_bytes_
_Inout_updates_bytes_all_
_Inout_updates_bytes_all_opt_
_Inout_updates_bytes_opt_
_Inout_updates_bytes_to_
_Inout_updates_bytes_to_opt_
_Inout_updates_opt_
_Inout_updates_opt_z_
_Inout_updates_to_
_Inout_updates_to_opt_
_Inout_updates_z_
_Inout_z_
_Inout_z_bytecap_
_Inout_z_bytecap_c_
_Inout_z_bytecap_x_
_Inout_z_bytecount_
_Inout_z_bytecount_c_
_Inout_z_cap_
_Inout_z_cap_c_
_Inout_z_cap_x_
_Inout_z_count_
_Inout_z_count_c_
_Interlocked_
_Interlocked_operand_
_Literal_
_Literal_impl_
_Lock_kind_critical_section_
_Lock_kind_event_
_Lock_kind_mutex_
_Lock_kind_semaphore_
_Lock_kind_spin_lock_
_Lock_level_order_
_Maybe_raises_SEH_exception_
_Maybenull_
_Maybenull_impl_
_Maybevalid_
_Maybevalid_impl_
_Must_inspect_impl_
_Must_inspect_result_
_Notliteral_
_Notliteral_impl_
_Notnull_
_Notnull_impl_
_Notref_
_Notref_impl_
_Notvalid_
_Notvalid_impl_
_NullNull_terminated_
_NullNull_terminated_impl_
_Null_
_Null_impl_
_Null_terminated_
_Null_terminated_impl_
_On_failure_
_On_failure_impl_
_Out_
_Out_bound_
_Out_bound_impl_
_Out_bytecap_
_Out_bytecap_c_
_Out_bytecap_post_bytecount_
_Out_bytecap_x_
_Out_bytecapcount_
_Out_bytecapcount_x_
_Out_cap_
_Out_cap_c_
_Out_cap_m_
_Out_cap_post_count_
_Out_cap_x_
_Out_capcount_
_Out_capcount_x_
_Out_defensive_
_Out_impl_
_Out_opt_
_Out_opt_bytecap_
_Out_opt_bytecap_c_
_Out_opt_bytecap_post_bytecount_
_Out_opt_bytecap_x_
_Out_opt_bytecapcount_
_Out_opt_bytecapcount_x_
_Out_opt_cap_
_Out_opt_cap_c_
_Out_opt_cap_m_
_Out_opt_cap_post_count_
_Out_opt_cap_x_
_Out_opt_capcount_
_Out_opt_capcount_x_
_Out_opt_impl_
_Out_opt_ptrdiff_cap_
_Out_opt_z_bytecap_
_Out_opt_z_bytecap_c_
_Out_opt_z_bytecap_post_bytecount_
_Out_opt_z_bytecap_x_
_Out_opt_z_bytecapcount_
_Out_opt_z_cap_
_Out_opt_z_cap_c_
_Out_opt_z_cap_m_
_Out_opt_z_cap_post_count_
_Out_opt_z_cap_x_
_Out_opt_z_capcount_
_Out_ptrdiff_cap_
_Out_range_
_Out_range_impl_
_Out_writes_
_Out_writes_all_
_Out_writes_all_opt_
_Out_writes_bytes_
_Out_writes_bytes_all_
_Out_writes_bytes_all_opt_
_Out_writes_bytes_opt_
_Out_writes_bytes_to_
_Out_writes_bytes_to_opt_
_Out_writes_opt_
_Out_writes_opt_z_
_Out_writes_to_
_Out_writes_to_opt_
_Out_writes_to_ptr_
_Out_writes_to_ptr_opt_
_Out_writes_to_ptr_opt_z_
_Out_writes_to_ptr_z_
_Out_writes_z_
_Out_z_bytecap_
_Out_z_bytecap_c_
_Out_z_bytecap_post_bytecount_
_Out_z_bytecap_x_
_Out_z_bytecapcount_
_Out_z_cap_
_Out_z_cap_c_
_Out_z_cap_m_
_Out_z_cap_post_count_
_Out_z_cap_x_
_Out_z_capcount_
_Outptr_
_Outptr_opt_
_Outptr_opt_result_buffer_
_Outptr_opt_result_buffer_all_
_Outptr_opt_result_buffer_all_maybenull_
_Outptr_opt_result_buffer_maybenull_
_Outptr_opt_result_buffer_to_
_Outptr_opt_result_buffer_to_maybenull_
_Outptr_opt_result_bytebuffer_
_Outptr_opt_result_bytebuffer_all_
_Outptr_opt_result_bytebuffer_all_maybenull_
_Outptr_opt_result_bytebuffer_maybenull_
_Outptr_opt_result_bytebuffer_to_
_Outptr_opt_result_bytebuffer_to_maybenull_
_Outptr_opt_result_maybenull_
_Outptr_opt_result_maybenull_z_
_Outptr_opt_result_nullonfailure_
_Outptr_opt_result_z_
_Outptr_result_buffer_
_Outptr_result_buffer_all_
_Outptr_result_buffer_all_maybenull_
_Outptr_result_buffer_maybenull_
_Outptr_result_buffer_to_
_Outptr_result_buffer_to_maybenull_
_Outptr_result_bytebuffer_
_Outptr_result_bytebuffer_all_
_Outptr_result_bytebuffer_all_maybenull_
_Outptr_result_bytebuffer_maybenull_
_Outptr_result_bytebuffer_to_
_Outptr_result_bytebuffer_to_maybenull_
_Outptr_result_maybenull_
_Outptr_result_maybenull_z_
_Outptr_result_nullonfailure_
_Outptr_result_z_
_Outref_
_Outref_result_buffer_
_Outref_result_buffer_all_
_Outref_result_buffer_all_maybenull_
_Outref_result_buffer_maybenull_
_Outref_result_buffer_to_
_Outref_result_buffer_to_maybenull_
_Outref_result_bytebuffer_
_Outref_result_bytebuffer_all_
_Outref_result_bytebuffer_all_maybenull_
_Outref_result_bytebuffer_maybenull_
_Outref_result_bytebuffer_to_
_Outref_result_bytebuffer_to_maybenull_
_Outref_result_maybenull_
_Outref_result_nullonfailure_
_Points_to_data_
_Points_to_data_impl_
_Post1_impl_
_Post2_impl_
_Post3_impl_
_Post_
_Post_bytecap_
_Post_bytecount_
_Post_bytecount_c_
_Post_bytecount_x_
_Post_cap_
_Post_count_
_Post_count_c_
_Post_count_x_
_Post_defensive_
_Post_equal_to_
_Post_impl_
_Post_invalid_
_Post_maybenull_
_Post_maybez_
_Post_notnull_
_Post_null_
_Post_ptr_invalid_
_Post_readable_byte_size_
_Post_readable_size_
_Post_same_lock_
_Post_satisfies_
_Post_satisfies_impl_
_Post_valid_
_Post_valid_impl_
_Post_writable_byte_size_
_Post_writable_size_
_Post_z_
_Post_z_bytecount_
_Post_z_bytecount_c_
_Post_z_bytecount_x_
_Post_z_count_
_Post_z_count_c_
_Post_z_count_x_
_Pre1_impl_
_Pre2_impl_
_Pre3_impl_
_Pre_
_Pre_bytecap_
_Pre_bytecap_c_
_Pre_bytecap_x_
_Pre_bytecount_
_Pre_bytecount_c_
_Pre_bytecount_x_
_Pre_cap_
_Pre_cap_c_
_Pre_cap_c_one_
_Pre_cap_for_
_Pre_cap_m_
_Pre_cap_x_
_Pre_count_
_Pre_count_c_
_Pre_count_x_
_Pre_defensive_
_Pre_equal_to_
_Pre_impl_
_Pre_invalid_
_Pre_maybenull_
_Pre_notnull_
_Pre_null_
_Pre_opt_bytecap_
_Pre_opt_bytecap_c_
_Pre_opt_bytecap_x_
_Pre_opt_bytecount_
_Pre_opt_bytecount_c_
_Pre_opt_bytecount_x_
_Pre_opt_cap_
_Pre_opt_cap_c_
_Pre_opt_cap_c_one_
_Pre_opt_cap_for_
_Pre_opt_cap_m_
_Pre_opt_cap_x_
_Pre_opt_count_
_Pre_opt_count_c_
_Pre_opt_count_x_
_Pre_opt_ptrdiff_cap_
_Pre_opt_ptrdiff_count_
_Pre_opt_valid_
_Pre_opt_valid_bytecap_
_Pre_opt_valid_bytecap_c_
_Pre_opt_valid_bytecap_x_
_Pre_opt_valid_cap_
_Pre_opt_valid_cap_c_
_Pre_opt_valid_cap_x_
_Pre_opt_z_
_Pre_opt_z_bytecap_
_Pre_opt_z_bytecap_c_
_Pre_opt_z_bytecap_x_
_Pre_opt_z_cap_
_Pre_opt_z_cap_c_
_Pre_opt_z_cap_x_
_Pre_ptrdiff_cap_
_Pre_ptrdiff_count_
_Pre_readable_byte_size_
_Pre_readable_size_
_Pre_readonly_
_Pre_satisfies_
_Pre_satisfies_impl_
_Pre_unknown_
_Pre_valid_
_Pre_valid_bytecap_
_Pre_valid_bytecap_c_
_Pre_valid_bytecap_x_
_Pre_valid_cap_
_Pre_valid_cap_c_
_Pre_valid_cap_x_
_Pre_valid_impl_
_Pre_writable_byte_size_
_Pre_writable_size_
_Pre_writeonly_
_Pre_z_
_Pre_z_bytecap_
_Pre_z_bytecap_c_
_Pre_z_bytecap_x_
_Pre_z_cap_
_Pre_z_cap_c_
_Pre_z_cap_x_
_Prepost_bytecount_
_Prepost_bytecount_c_
_Prepost_bytecount_x_
_Prepost_count_
_Prepost_count_c_
_Prepost_count_x_
_Prepost_opt_bytecount_
_Prepost_opt_bytecount_c_
_Prepost_opt_bytecount_x_
_Prepost_opt_count_
_Prepost_opt_count_c_
_Prepost_opt_count_x_
_Prepost_opt_valid_
_Prepost_opt_z_
_Prepost_valid_
_Prepost_z_
_Printf_format_string_
_Printf_format_string_impl_
_Printf_format_string_params_
_Raises_SEH_exception_
_Range_impl_
_Readable_bytes_
_Readable_bytes_impl_
_Readable_elements_
_Readable_elements_impl_
_Releases_exclusive_lock_
_Releases_lock_
_Releases_nonreentrant_lock_
_Releases_shared_lock_
_Requires_exclusive_lock_held_
_Requires_lock_held_
_Requires_lock_not_held_
_Requires_no_locks_held_
_Requires_shared_lock_held_
_Reserved_
_Result_nullonfailure_
_Result_zeroonfailure_
_Ret1_impl_
_Ret2_impl_
_Ret3_impl_
_Ret_
_Ret_bound_
_Ret_bound_impl_
_Ret_bytecap_
_Ret_bytecap_c_
_Ret_bytecap_x_
_Ret_bytecount_
_Ret_bytecount_c_
_Ret_bytecount_x_
_Ret_cap_
_Ret_cap_c_
_Ret_cap_x_
_Ret_count_
_Ret_count_c_
_Ret_count_x_
_Ret_maybenull_
_Ret_maybenull_z_
_Ret_notnull_
_Ret_null_
_Ret_opt_
_Ret_opt_bytecap_
_Ret_opt_bytecap_c_
_Ret_opt_bytecap_x_
_Ret_opt_bytecount_
_Ret_opt_bytecount_c_
_Ret_opt_bytecount_x_
_Ret_opt_cap_
_Ret_opt_cap_c_
_Ret_opt_cap_x_
_Ret_opt_count_
_Ret_opt_count_c_
_Ret_opt_count_x_
_Ret_opt_valid_
_Ret_opt_z_
_Ret_opt_z_bytecap_
_Ret_opt_z_bytecount_
_Ret_opt_z_cap_
_Ret_opt_z_count_
_Ret_range_
_Ret_range_impl_
_Ret_reallocated_bytes_
_Ret_valid_
_Ret_valid_impl_
_Ret_writes_
_Ret_writes_bytes_
_Ret_writes_bytes_maybenull_
_Ret_writes_bytes_to_
_Ret_writes_bytes_to_maybenull_
_Ret_writes_maybenull_
_Ret_writes_maybenull_z_
_Ret_writes_to_
_Ret_writes_to_maybenull_
_Ret_writes_z_
_Ret_z_
_Ret_z_bytecap_
_Ret_z_bytecount_
_Ret_z_cap_
_Ret_z_count_
_Return_type_success_
_SAL_nop_impl_
_SA_SPECSTRIZE
_SA_annotes0
_SA_annotes1
_SA_annotes2
_SA_annotes3
_Satisfies_impl_
_Scanf_format_string_
_Scanf_format_string_impl_
_Scanf_format_string_params_
_Scanf_s_format_string_
_Scanf_s_format_string_impl_
_Scanf_s_format_string_params_
_Strict_type_match_
_Struct_size_bytes_
_Success_
_Success_impl_
_Translates_Win32_to_HRESULT_
_Unchanged_
_Use_decl_anno_impl_
_Use_decl_annotations_
_Valid_
_Valid_impl_
_When_
_When_impl_
_Writable_bytes_
_Writable_bytes_impl_
_Writable_elements_
_Writable_elements_impl_
_Write_guarded_by_
__ANNOTATION
__AuToQuOtE
__CUDA_DEPRECATED
__GENSYM
__In_impl_
__MKID
__PRIMOP
__QUALIFIER
__RPC__deref_in
__RPC__deref_in_ecount
__RPC__deref_in_ecount_full
__RPC__deref_in_ecount_full_opt
__RPC__deref_in_ecount_full_opt_string
__RPC__deref_in_ecount_full_string
__RPC__deref_in_ecount_opt
__RPC__deref_in_ecount_opt_string
__RPC__deref_in_ecount_part
__RPC__deref_in_ecount_part_opt
__RPC__deref_in_opt
__RPC__deref_in_opt_string
__RPC__deref_in_string
__RPC__deref_in_xcount
__RPC__deref_in_xcount_full
__RPC__deref_in_xcount_full_opt
__RPC__deref_in_xcount_full_opt_string
__RPC__deref_in_xcount_full_string
__RPC__deref_in_xcount_opt
__RPC__deref_in_xcount_opt_string
__RPC__deref_in_xcount_part
__RPC__deref_in_xcount_part_opt
__RPC__deref_inout
__RPC__deref_inout_ecount_full
__RPC__deref_inout_ecount_full_opt
__RPC__deref_inout_ecount_full_opt_string
__RPC__deref_inout_ecount_full_string
__RPC__deref_inout_ecount_opt
__RPC__deref_inout_ecount_part_opt
__RPC__deref_inout_opt
__RPC__deref_inout_opt_string
__RPC__deref_inout_string
__RPC__deref_inout_xcount_full
__RPC__deref_inout_xcount_full_opt
__RPC__deref_inout_xcount_full_opt_string
__RPC__deref_inout_xcount_full_string
__RPC__deref_inout_xcount_opt
__RPC__deref_inout_xcount_part_opt
__RPC__deref_opt_in
__RPC__deref_opt_in_opt
__RPC__deref_opt_in_opt_string
__RPC__deref_opt_in_string
__RPC__deref_opt_inout
__RPC__deref_opt_inout_ecount
__RPC__deref_opt_inout_ecount_full
__RPC__deref_opt_inout_ecount_full_opt
__RPC__deref_opt_inout_ecount_full_opt_string
__RPC__deref_opt_inout_ecount_full_string
__RPC__deref_opt_inout_ecount_opt
__RPC__deref_opt_inout_ecount_part
__RPC__deref_opt_inout_ecount_part_opt
__RPC__deref_opt_inout_opt
__RPC__deref_opt_inout_opt_string
__RPC__deref_opt_inout_string
__RPC__deref_opt_inout_xcount_full
__RPC__deref_opt_inout_xcount_full_opt
__RPC__deref_opt_inout_xcount_full_opt_string
__RPC__deref_opt_inout_xcount_full_string
__RPC__deref_opt_inout_xcount_opt
__RPC__deref_opt_inout_xcount_part
__RPC__deref_opt_inout_xcount_part_opt
__RPC__deref_out
__RPC__deref_out_ecount
__RPC__deref_out_ecount_full
__RPC__deref_out_ecount_full_opt
__RPC__deref_out_ecount_full_opt_string
__RPC__deref_out_ecount_full_string
__RPC__deref_out_ecount_opt
__RPC__deref_out_ecount_part
__RPC__deref_out_ecount_part_opt
__RPC__deref_out_opt
__RPC__deref_out_opt_string
__RPC__deref_out_string
__RPC__deref_out_xcount
__RPC__deref_out_xcount_full
__RPC__deref_out_xcount_full_opt
__RPC__deref_out_xcount_full_opt_string
__RPC__deref_out_xcount_full_string
__RPC__deref_out_xcount_opt
__RPC__deref_out_xcount_part
__RPC__deref_out_xcount_part_opt
__RPC__in
__RPC__in_ecount
__RPC__in_ecount_full
__RPC__in_ecount_full_opt
__RPC__in_ecount_full_opt_string
__RPC__in_ecount_full_string
__RPC__in_ecount_opt
__RPC__in_ecount_opt_string
__RPC__in_ecount_part
__RPC__in_ecount_part_opt
__RPC__in_opt
__RPC__in_opt_string
__RPC__in_range
__RPC__in_string
__RPC__in_xcount
__RPC__in_xcount_full
__RPC__in_xcount_full_opt
__RPC__in_xcount_full_opt_string
__RPC__in_xcount_full_string
__RPC__in_xcount_opt
__RPC__in_xcount_opt_string
__RPC__in_xcount_part
__RPC__in_xcount_part_opt
__RPC__inout
__RPC__inout_ecount
__RPC__inout_ecount_full
__RPC__inout_ecount_full_opt
__RPC__inout_ecount_full_opt_string
__RPC__inout_ecount_full_string
__RPC__inout_ecount_opt
__RPC__inout_ecount_part
__RPC__inout_ecount_part_opt
__RPC__inout_opt
__RPC__inout_opt_string
__RPC__inout_string
__RPC__inout_xcount
__RPC__inout_xcount_full
__RPC__inout_xcount_full_opt
__RPC__inout_xcount_full_opt_string
__RPC__inout_xcount_full_string
__RPC__inout_xcount_opt
__RPC__inout_xcount_part
__RPC__inout_xcount_part_opt
__RPC__out
__RPC__out_ecount
__RPC__out_ecount_full
__RPC__out_ecount_full_string
__RPC__out_ecount_part
__RPC__out_ecount_string
__RPC__out_xcount
__RPC__out_xcount_full
__RPC__out_xcount_full_string
__RPC__out_xcount_part
__RPC__out_xcount_string
__RPC__range
__RPC_full_pointer
__RPC_ref_pointer
__RPC_string
__RPC_unique_pointer
__WRAPPED__
___MKID
__allaccess_impl
__allaccess_impl_notref
__analysis_assume
__bcount
__bcount_opt
__blocksOn
__bytecap_c_impl
__bytecap_impl
__bytecap_x_impl
__bytecount_c_impl
__bytecount_impl
__bytecount_x_impl
__callback
__cap_c_impl
__cap_c_one_notref_impl
__cap_for_impl
__cap_impl
__cap_x_impl
__checkReturn
__control_entrypoint
__count_c_impl
__count_impl
__count_x_impl
__data_entrypoint
__deferTypecheck
__deref_bcount
__deref_bcount_opt
__deref_ecount
__deref_ecount_opt
__deref_inout
__deref_inout_bcount
__deref_inout_bcount_full
__deref_inout_bcount_full_opt
__deref_inout_bcount_nz
__deref_inout_bcount_nz_opt
__deref_inout_bcount_opt
__deref_inout_bcount_part
__deref_inout_bcount_part_opt
__deref_inout_bcount_z
__deref_inout_bcount_z_opt
__deref_inout_ecount
__deref_inout_ecount_full
__deref_inout_ecount_full_opt
__deref_inout_ecount_nz
__deref_inout_ecount_nz_opt
__deref_inout_ecount_opt
__deref_inout_ecount_part
__deref_inout_ecount_part_opt
__deref_inout_ecount_z
__deref_inout_ecount_z_opt
__deref_inout_nz
__deref_inout_nz_opt
__deref_inout_opt
__deref_inout_z
__deref_inout_z_opt
__deref_opt_bcount
__deref_opt_bcount_opt
__deref_opt_ecount
__deref_opt_ecount_opt
__deref_opt_inout
__deref_opt_inout_bcount
__deref_opt_inout_bcount_full
__deref_opt_inout_bcount_full_opt
__deref_opt_inout_bcount_nz
__deref_opt_inout_bcount_nz_opt
__deref_opt_inout_bcount_opt
__deref_opt_inout_bcount_part
__deref_opt_inout_bcount_part_opt
__deref_opt_inout_bcount_z
__deref_opt_inout_bcount_z_opt
__deref_opt_inout_ecount
__deref_opt_inout_ecount_full
__deref_opt_inout_ecount_full_opt
__deref_opt_inout_ecount_nz
__deref_opt_inout_ecount_nz_opt
__deref_opt_inout_ecount_opt
__deref_opt_inout_ecount_part
__deref_opt_inout_ecount_part_opt
__deref_opt_inout_ecount_z
__deref_opt_inout_ecount_z_opt
__deref_opt_inout_nz
__deref_opt_inout_nz_opt
__deref_opt_inout_opt
__deref_opt_inout_z
__deref_opt_inout_z_opt
__deref_opt_out
__deref_opt_out_bcount
__deref_opt_out_bcount_full
__deref_opt_out_bcount_full_opt
__deref_opt_out_bcount_nz_opt
__deref_opt_out_bcount_opt
__deref_opt_out_bcount_part
__deref_opt_out_bcount_part_opt
__deref_opt_out_bcount_z_opt
__deref_opt_out_ecount
__deref_opt_out_ecount_full
__deref_opt_out_ecount_full_opt
__deref_opt_out_ecount_nz_opt
__deref_opt_out_ecount_opt
__deref_opt_out_ecount_part
__deref_opt_out_ecount_part_opt
__deref_opt_out_ecount_z_opt
__deref_opt_out_nz_opt
__deref_opt_out_opt
__deref_opt_out_z
__deref_opt_out_z_opt
__deref_out
__deref_out_bcount
__deref_out_bcount_full
__deref_out_bcount_full_opt
__deref_out_bcount_nz
__deref_out_bcount_nz_opt
__deref_out_bcount_opt
__deref_out_bcount_part
__deref_out_bcount_part_opt
__deref_out_bcount_z
__deref_out_bcount_z_opt
__deref_out_ecount
__deref_out_ecount_full
__deref_out_ecount_full_opt
__deref_out_ecount_nz
__deref_out_ecount_nz_opt
__deref_out_ecount_opt
__deref_out_ecount_part
__deref_out_ecount_part_opt
__deref_out_ecount_z
__deref_out_ecount_z_opt
__deref_out_nz
__deref_out_nz_opt
__deref_out_opt
__deref_out_z
__deref_out_z_opt
__device_builtin__
__drv_aliasesMem
__drv_allocatesMem
__drv_freesMem
__drv_preferredFunction
__drv_reportError
__ecount
__ecount_opt
__fallthrough
__format_string
__in
__in_bcount
__in_bcount_nz
__in_bcount_nz_opt
__in_bcount_opt
__in_bcount_z
__in_bcount_z_opt
__in_ecount
__in_ecount_nz
__in_ecount_nz_opt
__in_ecount_opt
__in_ecount_z
__in_ecount_z_opt
__in_nz
__in_nz_opt
__in_opt
__in_z
__in_z_opt
__inner_exceptthat
__inner_typefix
__inout
__inout_bcount
__inout_bcount_full
__inout_bcount_full_opt
__inout_bcount_nz
__inout_bcount_nz_opt
__inout_bcount_opt
__inout_bcount_part
__inout_bcount_part_opt
__inout_bcount_z
__inout_bcount_z_opt
__inout_ecount
__inout_ecount_full
__inout_ecount_full_opt
__inout_ecount_nz
__inout_ecount_nz_opt
__inout_ecount_opt
__inout_ecount_part
__inout_ecount_part_opt
__inout_ecount_z
__inout_ecount_z_opt
__inout_nz
__inout_nz_opt
__inout_opt
__inout_z
__inout_z_opt
__maybenull_impl
__maybenull_impl_notref
__maybevalid_impl
__maybezterm_impl
__maybzterm_impl
__mult_impl
__nop_impl
__notnull_impl
__notnull_impl_notref
__notvalid_impl
__notzterm_impl
__null_impl
__null_impl_notref
__nullnullterminated
__nullterminated
__on_failure
__out
__out_bcount
__out_bcount_full
__out_bcount_full_opt
__out_bcount_full_z
__out_bcount_full_z_opt
__out_bcount_nz
__out_bcount_nz_opt
__out_bcount_opt
__out_bcount_part
__out_bcount_part_opt
__out_bcount_part_z
__out_bcount_part_z_opt
__out_bcount_z
__out_bcount_z_opt
__out_data_source
__out_ecount
__out_ecount_full
__out_ecount_full_opt
__out_ecount_full_z
__out_ecount_full_z_opt
__out_ecount_nz
__out_ecount_nz_opt
__out_ecount_opt
__out_ecount_part
__out_ecount_part_opt
__out_ecount_part_z
__out_ecount_part_z_opt
__out_ecount_z
__out_ecount_z_opt
__out_nz
__out_nz_opt
__out_opt
__out_z
__out_z_opt
__override
__readaccess_impl
__readaccess_impl_notref
__reserved
__success
__typefix
__useHeader
__valid_impl
__writeaccess_impl
__writeaccess_impl_notref
__zterm_impl
