APIENTRY=2
APIPRIVATE=2
BROWSEUIAPI=10
CALLBACK=2
CDECL=1
CDECL_NON_WVMPURE=1
CFORCEINLINE=4
CMAPI=8
DDAPI=2
DECLSPEC_IMPORT=8
DPAPI_IMP=8
EXPENTRY=2
EXTERN_DDAPI=2
FORCEINLINE=4
IFACEMETHODIMP=2
IFACEMETHODIMPV=1
IMAGEAPI=10
ISOLATION_AWARE_INLINE=4
Inline=4
LWSTDAPI=10
LWSTDAPIV=9
LWSTDAPIV_=9
LWSTDAPI_=10
NDR_SHAREABLE=4100
NTAPI=2
NTAPI_INLINE=6
NTSYSAPI=8
NTSYSCALLAPI=8
PASCAL=2
PFORCEINLINE=4
PSSTDAPI=10
RPCNSAPI=8
RPCRTAPI=10
RPC_ENTRY=2
RPC_VAR_ENTRY=1
SHDOCAPI=10
SHDOCAPI_=10
SHFOLDERAPI=10
SHSTDAPI=10
SHSTDAPI_=10
SHSTDDOCAPI=10
STDAPI=10
STDAPICALLTYPE=2
STDAPIV=1
STDAPIVCALLTYPE=1
STDAPI_=10
STDMETHODCALLTYPE=2
STDMETHODIMP=2
STDMETHODIMPV=1
STDMETHODVCALLTYPE=1
STDOVERRIDEMETHODIMP=2
STDOVERRIDEMETHODIMPV=1
STKFORCEINLINE=4
THEMEAPI=10
THEMEAPI_=10
WINABLEAPI=8
WINADVAPI=8
WINAPI=2
WINAPIV=1
WINAPI_INLINE=2
WINBASEAPI=8
WINCFGMGR32API=8
WINCOMMCTRLAPI=8
WINCOMMDLGAPI=8
WINCRYPT32API=8
WINCRYPT32STRINGAPI=8
WINDEVQUERYAPI=8
WINGDIAPI=8
WINMMAPI=8
WINNORMALIZEAPI=8
WINOLEAPI=10
WINOLEAPI_=10
WINOLEAUTAPI=10
WINOLEAUTAPI_=10
WINPATHCCHAPI=8
WINSCARDDATA=8
WINSHELLAPI=8
WINSOCK_API_LINKAGE=10
WINSPOOLAPI=8
WINSWDEVICEAPI=8
WINUSERAPI=8
ZAWPROXYAPI=8
_CRTIMP=8
_CRTIMP2=8
_CRTIMP_ALTERNATIVE=8
_CRTIMP_PURE=8
_MCRTIMP=8
_MRTIMP=8
_MRTIMP2=8
__CLRCALL_OR_CDECL=1
__CRTDECL=1
__MIDL_DECLSPEC_DLLIMPORT=8
__RPC_API=2
__RPC_CALLEE=2
__RPC_STUB=2
__RPC_USER=2
__cdecl=1
__export=0
__forceinline=4
__inline=4
__stdcall=2
_cdecl=1
_stdcall=2
cdecl=1
dllimport=8
inline=4
pascal=2
static=4096
