sfCircleShape_copy
sfCircleShape_create
sfCircleShape_destroy
sfCircleShape_getFillColor
sfCircleShape_getGlobalBounds
sfCircleShape_getInverseTransform
sfCircleShape_getLocalBounds
sfCircleShape_getOrigin
sfCircleShape_getOutlineColor
sfCircleShape_getOutlineThickness
sfCircleShape_getPoint
sfCircleShape_getPointCount
sfCircleShape_getPosition
sfCircleShape_getRadius
sfCircleShape_getRotation
sfCircleShape_getScale
sfCircleShape_getTexture
sfCircleShape_getTextureRect
sfCircleShape_getTransform
sfCircleShape_move
sfCircleShape_rotate
sfCircleShape_scale
sfCircleShape_setFillColor
sfCircleShape_setOrigin
sfCircleShape_setOutlineColor
sfCircleShape_setOutlineThickness
sfCircleShape_setPointCount
sfCircleShape_setPosition
sfCircleShape_setRadius
sfCircleShape_setRotation
sfCircleShape_setScale
sfCircleShape_setTexture
sfCircleShape_setTextureRect
sfClipboard_getString
sfClipboard_getUnicodeString
sfClipboard_setString
sfClipboard_setUnicodeString
sfClock_copy
sfClock_create
sfClock_destroy
sfClock_getElapsedTime
sfClock_restart
sfColor_add
sfColor_fromInteger
sfColor_fromRGB
sfColor_fromRGBA
sfColor_modulate
sfColor_subtract
sfColor_toInteger
sfContext_create
sfContext_destroy
sfContext_getActiveContextId
sfContext_getSettings
sfContext_setActive
sfConvexShape_copy
sfConvexShape_create
sfConvexShape_destroy
sfConvexShape_getFillColor
sfConvexShape_getGlobalBounds
sfConvexShape_getInverseTransform
sfConvexShape_getLocalBounds
sfConvexShape_getOrigin
sfConvexShape_getOutlineColor
sfConvexShape_getOutlineThickness
sfConvexShape_getPoint
sfConvexShape_getPointCount
sfConvexShape_getPosition
sfConvexShape_getRotation
sfConvexShape_getScale
sfConvexShape_getTexture
sfConvexShape_getTextureRect
sfConvexShape_getTransform
sfConvexShape_move
sfConvexShape_rotate
sfConvexShape_scale
sfConvexShape_setFillColor
sfConvexShape_setOrigin
sfConvexShape_setOutlineColor
sfConvexShape_setOutlineThickness
sfConvexShape_setPoint
sfConvexShape_setPointCount
sfConvexShape_setPosition
sfConvexShape_setRotation
sfConvexShape_setScale
sfConvexShape_setTexture
sfConvexShape_setTextureRect
sfCursor_createFromPixels
sfCursor_createFromSystem
sfCursor_destroy
sfFloatRect_contains
sfFloatRect_intersects
sfFont_copy
sfFont_createFromFile
sfFont_createFromMemory
sfFont_createFromStream
sfFont_destroy
sfFont_getGlyph
sfFont_getInfo
sfFont_getKerning
sfFont_getLineSpacing
sfFont_getTexture
sfFont_getUnderlinePosition
sfFont_getUnderlineThickness
sfFtpDirectoryResponse_destroy
sfFtpDirectoryResponse_getDirectory
sfFtpDirectoryResponse_getMessage
sfFtpDirectoryResponse_getStatus
sfFtpDirectoryResponse_isOk
sfFtpListingResponse_destroy
sfFtpListingResponse_getCount
sfFtpListingResponse_getMessage
sfFtpListingResponse_getName
sfFtpListingResponse_getStatus
sfFtpListingResponse_isOk
sfFtpResponse_destroy
sfFtpResponse_getMessage
sfFtpResponse_getStatus
sfFtpResponse_isOk
sfFtp_changeDirectory
sfFtp_connect
sfFtp_create
sfFtp_createDirectory
sfFtp_deleteDirectory
sfFtp_deleteFile
sfFtp_destroy
sfFtp_disconnect
sfFtp_download
sfFtp_getDirectoryListing
sfFtp_getWorkingDirectory
sfFtp_keepAlive
sfFtp_login
sfFtp_loginAnonymous
sfFtp_parentDirectory
sfFtp_renameFile
sfFtp_sendCommand
sfFtp_upload
sfHttpRequest_create
sfHttpRequest_destroy
sfHttpRequest_setBody
sfHttpRequest_setField
sfHttpRequest_setHttpVersion
sfHttpRequest_setMethod
sfHttpRequest_setUri
sfHttpResponse_destroy
sfHttpResponse_getBody
sfHttpResponse_getField
sfHttpResponse_getMajorVersion
sfHttpResponse_getMinorVersion
sfHttpResponse_getStatus
sfHttp_create
sfHttp_destroy
sfHttp_sendRequest
sfHttp_setHost
sfImage_copy
sfImage_copyImage
sfImage_create
sfImage_createFromColor
sfImage_createFromFile
sfImage_createFromMemory
sfImage_createFromPixels
sfImage_createFromStream
sfImage_createMaskFromColor
sfImage_destroy
sfImage_flipHorizontally
sfImage_flipVertically
sfImage_getPixel
sfImage_getPixelsPtr
sfImage_getSize
sfImage_saveToFile
sfImage_setPixel
sfIntRect_contains
sfIntRect_intersects
sfIpAddress_fromBytes
sfIpAddress_fromInteger
sfIpAddress_fromString
sfIpAddress_getLocalAddress
sfIpAddress_getPublicAddress
sfIpAddress_toInteger
sfIpAddress_toString
sfJoystick_getAxisPosition
sfJoystick_getButtonCount
sfJoystick_getIdentification
sfJoystick_hasAxis
sfJoystick_isButtonPressed
sfJoystick_isConnected
sfJoystick_update
sfKeyboard_isKeyPressed
sfKeyboard_setVirtualKeyboardVisible
sfListener_getDirection
sfListener_getGlobalVolume
sfListener_getPosition
sfListener_getUpVector
sfListener_setDirection
sfListener_setGlobalVolume
sfListener_setPosition
sfListener_setUpVector
sfMicroseconds
sfMilliseconds
sfMouse_getPosition
sfMouse_getPositionRenderWindow
sfMouse_isButtonPressed
sfMouse_setPosition
sfMouse_setPositionRenderWindow
sfMusic_createFromFile
sfMusic_createFromMemory
sfMusic_createFromStream
sfMusic_destroy
sfMusic_getAttenuation
sfMusic_getChannelCount
sfMusic_getDuration
sfMusic_getLoop
sfMusic_getLoopPoints
sfMusic_getMinDistance
sfMusic_getPitch
sfMusic_getPlayingOffset
sfMusic_getPosition
sfMusic_getSampleRate
sfMusic_getStatus
sfMusic_getVolume
sfMusic_isRelativeToListener
sfMusic_pause
sfMusic_play
sfMusic_setAttenuation
sfMusic_setLoop
sfMusic_setLoopPoints
sfMusic_setMinDistance
sfMusic_setPitch
sfMusic_setPlayingOffset
sfMusic_setPosition
sfMusic_setRelativeToListener
sfMusic_setVolume
sfMusic_stop
sfMutex_create
sfMutex_destroy
sfMutex_lock
sfMutex_unlock
sfPacket_append
sfPacket_canRead
sfPacket_clear
sfPacket_copy
sfPacket_create
sfPacket_destroy
sfPacket_endOfPacket
sfPacket_getData
sfPacket_getDataSize
sfPacket_readBool
sfPacket_readDouble
sfPacket_readFloat
sfPacket_readInt16
sfPacket_readInt32
sfPacket_readInt8
sfPacket_readString
sfPacket_readUint16
sfPacket_readUint32
sfPacket_readUint8
sfPacket_readWideString
sfPacket_writeBool
sfPacket_writeDouble
sfPacket_writeFloat
sfPacket_writeInt16
sfPacket_writeInt32
sfPacket_writeInt8
sfPacket_writeString
sfPacket_writeUint16
sfPacket_writeUint32
sfPacket_writeUint8
sfPacket_writeWideString
sfRectangleShape_copy
sfRectangleShape_create
sfRectangleShape_destroy
sfRectangleShape_getFillColor
sfRectangleShape_getGlobalBounds
sfRectangleShape_getInverseTransform
sfRectangleShape_getLocalBounds
sfRectangleShape_getOrigin
sfRectangleShape_getOutlineColor
sfRectangleShape_getOutlineThickness
sfRectangleShape_getPoint
sfRectangleShape_getPointCount
sfRectangleShape_getPosition
sfRectangleShape_getRotation
sfRectangleShape_getScale
sfRectangleShape_getSize
sfRectangleShape_getTexture
sfRectangleShape_getTextureRect
sfRectangleShape_getTransform
sfRectangleShape_move
sfRectangleShape_rotate
sfRectangleShape_scale
sfRectangleShape_setFillColor
sfRectangleShape_setOrigin
sfRectangleShape_setOutlineColor
sfRectangleShape_setOutlineThickness
sfRectangleShape_setPosition
sfRectangleShape_setRotation
sfRectangleShape_setScale
sfRectangleShape_setSize
sfRectangleShape_setTexture
sfRectangleShape_setTextureRect
sfRenderTexture_clear
sfRenderTexture_create
sfRenderTexture_createWithSettings
sfRenderTexture_destroy
sfRenderTexture_display
sfRenderTexture_drawCircleShape
sfRenderTexture_drawConvexShape
sfRenderTexture_drawPrimitives
sfRenderTexture_drawRectangleShape
sfRenderTexture_drawShape
sfRenderTexture_drawSprite
sfRenderTexture_drawText
sfRenderTexture_drawVertexArray
sfRenderTexture_drawVertexBuffer
sfRenderTexture_generateMipmap
sfRenderTexture_getDefaultView
sfRenderTexture_getMaximumAntialiasingLevel
sfRenderTexture_getSize
sfRenderTexture_getTexture
sfRenderTexture_getView
sfRenderTexture_getViewport
sfRenderTexture_isRepeated
sfRenderTexture_isSmooth
sfRenderTexture_mapCoordsToPixel
sfRenderTexture_mapPixelToCoords
sfRenderTexture_popGLStates
sfRenderTexture_pushGLStates
sfRenderTexture_resetGLStates
sfRenderTexture_setActive
sfRenderTexture_setRepeated
sfRenderTexture_setSmooth
sfRenderTexture_setView
sfRenderWindow_capture
sfRenderWindow_clear
sfRenderWindow_close
sfRenderWindow_create
sfRenderWindow_createFromHandle
sfRenderWindow_createUnicode
sfRenderWindow_destroy
sfRenderWindow_display
sfRenderWindow_drawCircleShape
sfRenderWindow_drawConvexShape
sfRenderWindow_drawPrimitives
sfRenderWindow_drawRectangleShape
sfRenderWindow_drawShape
sfRenderWindow_drawSprite
sfRenderWindow_drawText
sfRenderWindow_drawVertexArray
sfRenderWindow_drawVertexBuffer
sfRenderWindow_getDefaultView
sfRenderWindow_getPosition
sfRenderWindow_getSettings
sfRenderWindow_getSize
sfRenderWindow_getSystemHandle
sfRenderWindow_getView
sfRenderWindow_getViewport
sfRenderWindow_hasFocus
sfRenderWindow_isOpen
sfRenderWindow_mapCoordsToPixel
sfRenderWindow_mapPixelToCoords
sfRenderWindow_pollEvent
sfRenderWindow_popGLStates
sfRenderWindow_pushGLStates
sfRenderWindow_requestFocus
sfRenderWindow_resetGLStates
sfRenderWindow_setActive
sfRenderWindow_setFramerateLimit
sfRenderWindow_setIcon
sfRenderWindow_setJoystickThreshold
sfRenderWindow_setKeyRepeatEnabled
sfRenderWindow_setMouseCursor
sfRenderWindow_setMouseCursorGrabbed
sfRenderWindow_setMouseCursorVisible
sfRenderWindow_setPosition
sfRenderWindow_setSize
sfRenderWindow_setTitle
sfRenderWindow_setUnicodeTitle
sfRenderWindow_setVerticalSyncEnabled
sfRenderWindow_setView
sfRenderWindow_setVisible
sfRenderWindow_waitEvent
sfSeconds
sfSensor_getValue
sfSensor_isAvailable
sfSensor_setEnabled
sfShader_bind
sfShader_createFromFile
sfShader_createFromMemory
sfShader_createFromStream
sfShader_destroy
sfShader_getNativeHandle
sfShader_isAvailable
sfShader_isGeometryAvailable
sfShader_setBoolUniform
sfShader_setBvec2Uniform
sfShader_setBvec3Uniform
sfShader_setBvec4Uniform
sfShader_setColorParameter
sfShader_setColorUniform
sfShader_setCurrentTextureParameter
sfShader_setCurrentTextureUniform
sfShader_setFloat2Parameter
sfShader_setFloat3Parameter
sfShader_setFloat4Parameter
sfShader_setFloatParameter
sfShader_setFloatUniform
sfShader_setFloatUniformArray
sfShader_setIntColorUniform
sfShader_setIntUniform
sfShader_setIvec2Uniform
sfShader_setIvec3Uniform
sfShader_setIvec4Uniform
sfShader_setMat3Uniform
sfShader_setMat3UniformArray
sfShader_setMat4Uniform
sfShader_setMat4UniformArray
sfShader_setTextureParameter
sfShader_setTextureUniform
sfShader_setTransformParameter
sfShader_setVec2Uniform
sfShader_setVec2UniformArray
sfShader_setVec3Uniform
sfShader_setVec3UniformArray
sfShader_setVec4Uniform
sfShader_setVec4UniformArray
sfShader_setVector2Parameter
sfShader_setVector3Parameter
sfShape_create
sfShape_destroy
sfShape_getFillColor
sfShape_getGlobalBounds
sfShape_getInverseTransform
sfShape_getLocalBounds
sfShape_getOrigin
sfShape_getOutlineColor
sfShape_getOutlineThickness
sfShape_getPoint
sfShape_getPointCount
sfShape_getPosition
sfShape_getRotation
sfShape_getScale
sfShape_getTexture
sfShape_getTextureRect
sfShape_getTransform
sfShape_move
sfShape_rotate
sfShape_scale
sfShape_setFillColor
sfShape_setOrigin
sfShape_setOutlineColor
sfShape_setOutlineThickness
sfShape_setPosition
sfShape_setRotation
sfShape_setScale
sfShape_setTexture
sfShape_setTextureRect
sfShape_update
sfSleep
sfSocketSelector_addTcpListener
sfSocketSelector_addTcpSocket
sfSocketSelector_addUdpSocket
sfSocketSelector_clear
sfSocketSelector_copy
sfSocketSelector_create
sfSocketSelector_destroy
sfSocketSelector_isTcpListenerReady
sfSocketSelector_isTcpSocketReady
sfSocketSelector_isUdpSocketReady
sfSocketSelector_removeTcpListener
sfSocketSelector_removeTcpSocket
sfSocketSelector_removeUdpSocket
sfSocketSelector_wait
sfSoundBufferRecorder_create
sfSoundBufferRecorder_destroy
sfSoundBufferRecorder_getBuffer
sfSoundBufferRecorder_getDevice
sfSoundBufferRecorder_getSampleRate
sfSoundBufferRecorder_setDevice
sfSoundBufferRecorder_start
sfSoundBufferRecorder_stop
sfSoundBuffer_copy
sfSoundBuffer_createFromFile
sfSoundBuffer_createFromMemory
sfSoundBuffer_createFromSamples
sfSoundBuffer_createFromStream
sfSoundBuffer_destroy
sfSoundBuffer_getChannelCount
sfSoundBuffer_getDuration
sfSoundBuffer_getSampleCount
sfSoundBuffer_getSampleRate
sfSoundBuffer_getSamples
sfSoundBuffer_saveToFile
sfSoundRecorder_create
sfSoundRecorder_destroy
sfSoundRecorder_getAvailableDevices
sfSoundRecorder_getChannelCount
sfSoundRecorder_getDefaultDevice
sfSoundRecorder_getDevice
sfSoundRecorder_getSampleRate
sfSoundRecorder_isAvailable
sfSoundRecorder_setChannelCount
sfSoundRecorder_setDevice
sfSoundRecorder_setProcessingInterval
sfSoundRecorder_start
sfSoundRecorder_stop
sfSoundStream_create
sfSoundStream_destroy
sfSoundStream_getAttenuation
sfSoundStream_getChannelCount
sfSoundStream_getLoop
sfSoundStream_getMinDistance
sfSoundStream_getPitch
sfSoundStream_getPlayingOffset
sfSoundStream_getPosition
sfSoundStream_getSampleRate
sfSoundStream_getStatus
sfSoundStream_getVolume
sfSoundStream_isRelativeToListener
sfSoundStream_pause
sfSoundStream_play
sfSoundStream_setAttenuation
sfSoundStream_setLoop
sfSoundStream_setMinDistance
sfSoundStream_setPitch
sfSoundStream_setPlayingOffset
sfSoundStream_setPosition
sfSoundStream_setRelativeToListener
sfSoundStream_setVolume
sfSoundStream_stop
sfSound_copy
sfSound_create
sfSound_destroy
sfSound_getAttenuation
sfSound_getBuffer
sfSound_getLoop
sfSound_getMinDistance
sfSound_getPitch
sfSound_getPlayingOffset
sfSound_getPosition
sfSound_getStatus
sfSound_getVolume
sfSound_isRelativeToListener
sfSound_pause
sfSound_play
sfSound_setAttenuation
sfSound_setBuffer
sfSound_setLoop
sfSound_setMinDistance
sfSound_setPitch
sfSound_setPlayingOffset
sfSound_setPosition
sfSound_setRelativeToListener
sfSound_setVolume
sfSound_stop
sfSprite_copy
sfSprite_create
sfSprite_destroy
sfSprite_getColor
sfSprite_getGlobalBounds
sfSprite_getInverseTransform
sfSprite_getLocalBounds
sfSprite_getOrigin
sfSprite_getPosition
sfSprite_getRotation
sfSprite_getScale
sfSprite_getTexture
sfSprite_getTextureRect
sfSprite_getTransform
sfSprite_move
sfSprite_rotate
sfSprite_scale
sfSprite_setColor
sfSprite_setOrigin
sfSprite_setPosition
sfSprite_setRotation
sfSprite_setScale
sfSprite_setTexture
sfSprite_setTextureRect
sfTcpListener_accept
sfTcpListener_create
sfTcpListener_destroy
sfTcpListener_getLocalPort
sfTcpListener_isBlocking
sfTcpListener_listen
sfTcpListener_setBlocking
sfTcpSocket_connect
sfTcpSocket_create
sfTcpSocket_destroy
sfTcpSocket_disconnect
sfTcpSocket_getLocalPort
sfTcpSocket_getRemoteAddress
sfTcpSocket_getRemotePort
sfTcpSocket_isBlocking
sfTcpSocket_receive
sfTcpSocket_receivePacket
sfTcpSocket_send
sfTcpSocket_sendPacket
sfTcpSocket_sendPartial
sfTcpSocket_setBlocking
sfText_copy
sfText_create
sfText_destroy
sfText_findCharacterPos
sfText_getCharacterSize
sfText_getColor
sfText_getFillColor
sfText_getFont
sfText_getGlobalBounds
sfText_getInverseTransform
sfText_getLetterSpacing
sfText_getLineSpacing
sfText_getLocalBounds
sfText_getOrigin
sfText_getOutlineColor
sfText_getOutlineThickness
sfText_getPosition
sfText_getRotation
sfText_getScale
sfText_getString
sfText_getStyle
sfText_getTransform
sfText_getUnicodeString
sfText_move
sfText_rotate
sfText_scale
sfText_setCharacterSize
sfText_setColor
sfText_setFillColor
sfText_setFont
sfText_setLetterSpacing
sfText_setLineSpacing
sfText_setOrigin
sfText_setOutlineColor
sfText_setOutlineThickness
sfText_setPosition
sfText_setRotation
sfText_setScale
sfText_setString
sfText_setStyle
sfText_setUnicodeString
sfTexture_bind
sfTexture_copy
sfTexture_copyToImage
sfTexture_create
sfTexture_createFromFile
sfTexture_createFromImage
sfTexture_createFromMemory
sfTexture_createFromStream
sfTexture_destroy
sfTexture_generateMipmap
sfTexture_getMaximumSize
sfTexture_getNativeHandle
sfTexture_getSize
sfTexture_isRepeated
sfTexture_isSmooth
sfTexture_isSrgb
sfTexture_setRepeated
sfTexture_setSmooth
sfTexture_setSrgb
sfTexture_swap
sfTexture_updateFromImage
sfTexture_updateFromPixels
sfTexture_updateFromRenderWindow
sfTexture_updateFromTexture
sfTexture_updateFromWindow
sfThread_create
sfThread_destroy
sfThread_launch
sfThread_terminate
sfThread_wait
sfTime_asMicroseconds
sfTime_asMilliseconds
sfTime_asSeconds
sfTouch_getPosition
sfTouch_getPositionRenderWindow
sfTouch_isDown
sfTransform_combine
sfTransform_equal
sfTransform_fromMatrix
sfTransform_getInverse
sfTransform_getMatrix
sfTransform_rotate
sfTransform_rotateWithCenter
sfTransform_scale
sfTransform_scaleWithCenter
sfTransform_transformPoint
sfTransform_transformRect
sfTransform_translate
sfTransformable_copy
sfTransformable_create
sfTransformable_destroy
sfTransformable_getInverseTransform
sfTransformable_getOrigin
sfTransformable_getPosition
sfTransformable_getRotation
sfTransformable_getScale
sfTransformable_getTransform
sfTransformable_move
sfTransformable_rotate
sfTransformable_scale
sfTransformable_setOrigin
sfTransformable_setPosition
sfTransformable_setRotation
sfTransformable_setScale
sfUdpSocket_bind
sfUdpSocket_create
sfUdpSocket_destroy
sfUdpSocket_getLocalPort
sfUdpSocket_isBlocking
sfUdpSocket_maxDatagramSize
sfUdpSocket_receive
sfUdpSocket_receivePacket
sfUdpSocket_send
sfUdpSocket_sendPacket
sfUdpSocket_setBlocking
sfUdpSocket_unbind
sfVertexArray_append
sfVertexArray_clear
sfVertexArray_copy
sfVertexArray_create
sfVertexArray_destroy
sfVertexArray_getBounds
sfVertexArray_getPrimitiveType
sfVertexArray_getVertex
sfVertexArray_getVertexCount
sfVertexArray_resize
sfVertexArray_setPrimitiveType
sfVertexBuffer_bind
sfVertexBuffer_copy
sfVertexBuffer_create
sfVertexBuffer_destroy
sfVertexBuffer_getNativeHandle
sfVertexBuffer_getPrimitiveType
sfVertexBuffer_getUsage
sfVertexBuffer_getVertexCount
sfVertexBuffer_isAvailable
sfVertexBuffer_setPrimitiveType
sfVertexBuffer_setUsage
sfVertexBuffer_swap
sfVertexBuffer_update
sfVertexBuffer_updateFromVertexBuffer
sfVideoMode_getDesktopMode
sfVideoMode_getFullscreenModes
sfVideoMode_isValid
sfView_copy
sfView_create
sfView_createFromRect
sfView_destroy
sfView_getCenter
sfView_getRotation
sfView_getSize
sfView_getViewport
sfView_move
sfView_reset
sfView_rotate
sfView_setCenter
sfView_setRotation
sfView_setSize
sfView_setViewport
sfView_zoom
