API_SET=2
API_SET_BY_ORDINAL=2
API_SET_BY_ORDINAL_DIR=2
API_SET_BY_ORDINAL_PRIVATE=2
API_SET_BY_ORDINAL_PRIVATE_DIR=2
API_SET_DIR=2
API_SET_LEGACY=2
API_SET_LEGACY_BY_ORDINAL=2
API_SET_LEGACY_BY_ORDINAL_DIR=2
API_SET_LEGACY_BY_ORDINAL_PRIVATE=2
API_SET_LEGACY_BY_ORDINAL_PRIVATE_DIR=2
API_SET_LEGACY_DIR=2
API_SET_LEGACY_OVERRIDE_DEF=2
API_SET_LEGACY_PRIVATE=2
API_SET_LEGACY_PRIVATE_DIR=2
API_SET_LIBRARY=2
API_SET_OVERRIDE=2
API_SET_OVERRIDE_DEF=2
API_SET_PRIVATE=2
API_SET_PRIVATE_DIR=2
ARRAYSIZE=2
ASTR_ALIGNED_STACK_COPY=2
Animate_Close=2
Animate_Create=2
Animate_IsPlaying=2
Animate_Open=2
Animate_OpenEx=2
Animate_Play=2
Animate_Seek=2
Animate_Stop=2
BCRYPT_INIT_AUTH_MODE_INFO=2
BCRYPT_IS_INTERFACE_VERSION_COMPATIBLE=2
BCRYPT_MAKE_INTERFACE_VERSION=2
BCRYPT_SUCCESS=2
BEGIN_INTERFACE=129
BROWSEUIAPI_=2
BTYPE=2
BufferedPaintMakeOpaque=2
Button_GetIdealSize=2
Button_GetImageList=2
Button_GetNote=2
Button_GetNoteLength=2
Button_GetSplitInfo=2
Button_GetTextMargin=2
Button_SetDropDownState=2
Button_SetElevationRequiredState=2
Button_SetImageList=2
Button_SetNote=2
Button_SetSplitInfo=2
Button_SetTextMargin=2
CBPCLIPDATA=2
CCSIZEOF_STRUCT=2
CDSIZEOF_STRUCT=2
CMYK=2
COMPILETIME_OR_2FLAGS=2
COMPILETIME_OR_3FLAGS=2
COMPILETIME_OR_4FLAGS=2
COMPILETIME_OR_5FLAGS=2
COMPILETIME_OR_6FLAGS=2
CONTAINING_RECORD=2
CSALCAT1=2
CSALCAT2=2
CTL_CODE=2
C_ASSERT=1025
CacheLineFlush=2
ComboBox_GetCueBannerText=2
ComboBox_GetMinVisible=2
ComboBox_SetCueBannerText=2
ComboBox_SetMinVisible=2
CommDlg_FindReplace_SendCustomResult=2
CommDlg_FindReplace_SendResult=2
CommDlg_OpenSave_GetFilePathA=2
CommDlg_OpenSave_GetFilePathW=2
CommDlg_OpenSave_GetFolderIDList=2
CommDlg_OpenSave_GetFolderPathA=2
CommDlg_OpenSave_GetFolderPathW=2
CommDlg_OpenSave_GetSpecA=2
CommDlg_OpenSave_GetSpecW=2
CommDlg_OpenSave_HideControl=2
CommDlg_OpenSave_SetControlText=2
CommDlg_OpenSave_SetDefExt=2
CopyCursor=2
CreateDialogA=2
CreateDialogIndirectA=2
CreateDialogIndirectW=2
CreateDialogW=2
CreateWindowA=2
CreateWindowW=2
DBG_UNREFERENCED_LOCAL_VARIABLE=2
DBG_UNREFERENCED_PARAMETER=2
DCI_SUCCESS=2
DECIMAL_SETZERO=2
DECLARE_HANDLE=7
DECLARE_INTERFACE=71
DECLARE_INTERFACE_=71
DECLARE_INTERFACE_IID=71
DECLARE_INTERFACE_IID_=71
DECLSPEC_ALIGN=2
DECLSPEC_SELECTANY=1024
DECLSPEC_UUID=3
DECL_SA=2
DECREF=2
DEFINE_ENUM_FLAG_OPERATORS=2
DEFINE_GUID=7
DEFINE_KNOWN_FOLDER=7
DEFINE_OLEGUID=7
DEFINE_PROPERTYKEY=2
DEPRECATED=1025
DEVICE_DSM_ROUND_DN=2
DEVICE_DSM_ROUND_UP=2
DEVICE_TYPE_FROM_CTL_CODE=2
DIBINDEX=2
DPA_AppendPtr=2
DPA_FastDeleteLastPtr=2
DPA_FastGetPtr=2
DPA_GetPtrCount=2
DPA_GetPtrPtr=2
DPA_SetPtrCount=2
DPA_SortedInsertPtr=2
DSA_AppendItem=2
DSA_GetItemCount=2
DUMMYUNIONNAMEN=2
DateTime_CloseMonthCal=2
DateTime_GetDateTimePickerInfo=2
DateTime_GetIdealSize=2
DateTime_GetMonthCal=2
DateTime_GetMonthCalColor=2
DateTime_GetMonthCalFont=2
DateTime_GetMonthCalStyle=2
DateTime_GetRange=2
DateTime_GetSystemtime=2
DateTime_SetFormat=2
DateTime_SetMonthCalColor=2
DateTime_SetMonthCalFont=2
DateTime_SetMonthCalStyle=2
DateTime_SetRange=2
DateTime_SetSystemtime=2
DbgRaiseAssertionFailure=0
DefHookProc=2
DefineHandleTable=2
DialogBoxA=2
DialogBoxIndirectA=2
DialogBoxIndirectW=2
DialogBoxW=2
DiskGeometryGetDetect=2
DiskGeometryGetPartition=2
EFS_IS_APPX_VERSION=2
EFS_IS_DESCRIPTOR_VERSION=2
EIRESID=2
END_INTERFACE=257
EQUAL_DISPLAYMODE=2
EXTERN_GUID=2
EXT_IMM64=2
Edit_GetCueBannerText=2
Edit_GetHilite=2
Edit_HideBalloonTip=2
Edit_NoSetFocus=2
Edit_SetCueBannerText=2
Edit_SetCueBannerTextFocused=2
Edit_SetHilite=2
Edit_ShowBalloonTip=2
Edit_TakeFocus=2
EnumTaskWindows=2
ExitWindows=2
FAILED=2
FD_CLR=2
FD_ISSET=2
FD_SET=2
FD_ZERO=2
FIELD_OFFSET=1
FILEMUIINFO_GET_CULTURE=2
FILEMUIINFO_GET_MAIN_TYPEID=2
FILEMUIINFO_GET_MAIN_TYPEIDS=2
FILEMUIINFO_GET_MAIN_TYPENAMES=2
FILEMUIINFO_GET_MUI_TYPEID=2
FILEMUIINFO_GET_MUI_TYPEIDS=2
FILEMUIINFO_GET_MUI_TYPENAMES=2
FILTER_HRESULT_FROM_FLT_NTSTATUS=2
FIRST_IPADDRESS=2
FORWARD_WM_NOTIFY=2
FOURTH_IPADDRESS=2
FreeModule=2
FreeProcInstance=2
GDI_DIBSIZE=2
GDI_DIBWIDTHBYTES=2
GDI_WIDTHBYTES=2
GDI__DIBSIZE=2
GET_ALG_CLASS=2
GET_ALG_SID=2
GET_ALG_TYPE=2
GET_APPCOMMAND_LPARAM=2
GET_CERT_ALT_NAME_ENTRY_ERR_INDEX=2
GET_CERT_ALT_NAME_VALUE_ERR_INDEX=2
GET_CERT_ENCODING_TYPE=2
GET_CERT_UNICODE_ATTR_ERR_INDEX=2
GET_CERT_UNICODE_RDN_ERR_INDEX=2
GET_CERT_UNICODE_VALUE_ERR_INDEX=2
GET_CMSG_ENCODING_TYPE=2
GET_CRL_DIST_POINT_ERR_INDEX=2
GET_CROSS_CERT_DIST_POINT_ERR_INDEX=2
GET_DEVICE_CHANGE_LPARAM=2
GET_DEVICE_CHANGE_WPARAM=2
GET_DEVICE_LPARAM=2
GET_FLAGS_LPARAM=2
GET_KEYSTATE_LPARAM=2
GET_KEYSTATE_WPARAM=2
GET_LPDDRAWSURFACE_GBL_MORE=2
GET_NCHITTEST_WPARAM=2
GET_POINTERID_WPARAM=2
GET_RAWINPUT_CODE_WPARAM=2
GET_REPAIR_TOPOLOGY_ID=2
GET_SC_WPARAM=2
GET_USER_DATA_REP=2
GET_WHEEL_DELTA_WPARAM=2
GET_WHQL_DAY=2
GET_WHQL_MONTH=2
GET_WHQL_YEAR=2
GET_XBUTTON_WPARAM=2
GID_ROTATE_ANGLE_FROM_ARGUMENT=2
GID_ROTATE_ANGLE_TO_ARGUMENT=2
GetBValue=2
GetCValue=2
GetCallersEflags=0
GetCurrentTime=0
GetFreeSpace=2
GetGValue=2
GetKValue=2
GetMValue=2
GetNextWindow=2
GetRValue=2
GetScode=2
GetSysModalWindow=0
GetUrlPolicyPermissions=2
GetWindowTask=2
GetYValue=2
GlobalDiscard=2
GlobalLRUNewest=2
GlobalLRUOldest=2
HANDLE_WM_NOTIFY=2
HAS_POINTER_CONFIDENCE_WPARAM=2
HIBYTE=2
HIGH=3
HIGHWORD=3
HIWORD=2
HRESULT_CODE=2
HRESULT_FACILITY=2
HRESULT_FROM_NT=2
HRESULT_FROM_SETUPAPI=2
HRESULT_SEVERITY=2
Handle32ToHandle=2
Handle64ToHandle=2
HandleToHandle32=2
HandleToHandle64=2
HandleToLong=2
HandleToULong=2
HandleToUlong=2
HasOverlappedIoCompleted=2
Header_ClearAllFilters=2
Header_ClearFilter=2
Header_CreateDragImage=2
Header_DeleteItem=2
Header_EditFilter=2
Header_GetBitmapMargin=2
Header_GetFocusedItem=2
Header_GetImageList=2
Header_GetItem=2
Header_GetItemCount=2
Header_GetItemDropDownRect=2
Header_GetItemRect=2
Header_GetOrderArray=2
Header_GetOverflowRect=2
Header_GetStateImageList=2
Header_GetUnicodeFormat=2
Header_InsertItem=2
Header_Layout=2
Header_OrderToIndex=2
Header_SetBitmapMargin=2
Header_SetFilterChangeTimeout=2
Header_SetFocusedItem=2
Header_SetHotDivider=2
Header_SetImageList=2
Header_SetItem=2
Header_SetOrderArray=2
Header_SetStateImageList=2
Header_SetUnicodeFormat=2
IDirectDraw2_AddRef=2
IDirectDraw2_Compact=2
IDirectDraw2_CreateClipper=2
IDirectDraw2_CreatePalette=2
IDirectDraw2_CreateSurface=2
IDirectDraw2_DuplicateSurface=2
IDirectDraw2_EnumDisplayModes=2
IDirectDraw2_EnumSurfaces=2
IDirectDraw2_FlipToGDISurface=2
IDirectDraw2_GetAvailableVidMem=2
IDirectDraw2_GetCaps=2
IDirectDraw2_GetDisplayMode=2
IDirectDraw2_GetFourCCCodes=2
IDirectDraw2_GetGDISurface=2
IDirectDraw2_GetMonitorFrequency=2
IDirectDraw2_GetScanLine=2
IDirectDraw2_GetVerticalBlankStatus=2
IDirectDraw2_Initialize=2
IDirectDraw2_QueryInterface=2
IDirectDraw2_Release=2
IDirectDraw2_RestoreDisplayMode=2
IDirectDraw2_SetCooperativeLevel=2
IDirectDraw2_SetDisplayMode=2
IDirectDraw2_WaitForVerticalBlank=2
IDirectDraw4_AddRef=2
IDirectDraw4_Compact=2
IDirectDraw4_CreateClipper=2
IDirectDraw4_CreatePalette=2
IDirectDraw4_CreateSurface=2
IDirectDraw4_DuplicateSurface=2
IDirectDraw4_EnumDisplayModes=2
IDirectDraw4_EnumSurfaces=2
IDirectDraw4_FlipToGDISurface=2
IDirectDraw4_GetAvailableVidMem=2
IDirectDraw4_GetCaps=2
IDirectDraw4_GetDeviceIdentifier=2
IDirectDraw4_GetDisplayMode=2
IDirectDraw4_GetFourCCCodes=2
IDirectDraw4_GetGDISurface=2
IDirectDraw4_GetMonitorFrequency=2
IDirectDraw4_GetScanLine=2
IDirectDraw4_GetSurfaceFromDC=2
IDirectDraw4_GetVerticalBlankStatus=2
IDirectDraw4_Initialize=2
IDirectDraw4_QueryInterface=2
IDirectDraw4_Release=2
IDirectDraw4_RestoreAllSurfaces=2
IDirectDraw4_RestoreDisplayMode=2
IDirectDraw4_SetCooperativeLevel=2
IDirectDraw4_SetDisplayMode=2
IDirectDraw4_TestCooperativeLevel=2
IDirectDraw4_WaitForVerticalBlank=2
IDirectDraw7_AddRef=2
IDirectDraw7_Compact=2
IDirectDraw7_CreateClipper=2
IDirectDraw7_CreatePalette=2
IDirectDraw7_CreateSurface=2
IDirectDraw7_DuplicateSurface=2
IDirectDraw7_EnumDisplayModes=2
IDirectDraw7_EnumSurfaces=2
IDirectDraw7_EvaluateMode=2
IDirectDraw7_FlipToGDISurface=2
IDirectDraw7_GetAvailableVidMem=2
IDirectDraw7_GetCaps=2
IDirectDraw7_GetDeviceIdentifier=2
IDirectDraw7_GetDisplayMode=2
IDirectDraw7_GetFourCCCodes=2
IDirectDraw7_GetGDISurface=2
IDirectDraw7_GetMonitorFrequency=2
IDirectDraw7_GetScanLine=2
IDirectDraw7_GetSurfaceFromDC=2
IDirectDraw7_GetVerticalBlankStatus=2
IDirectDraw7_Initialize=2
IDirectDraw7_QueryInterface=2
IDirectDraw7_Release=2
IDirectDraw7_RestoreAllSurfaces=2
IDirectDraw7_RestoreDisplayMode=2
IDirectDraw7_SetCooperativeLevel=2
IDirectDraw7_SetDisplayMode=2
IDirectDraw7_StartModeTest=2
IDirectDraw7_TestCooperativeLevel=2
IDirectDraw7_WaitForVerticalBlank=2
IDirectDrawClipper_AddRef=2
IDirectDrawClipper_GetClipList=2
IDirectDrawClipper_GetHWnd=2
IDirectDrawClipper_Initialize=2
IDirectDrawClipper_IsClipListChanged=2
IDirectDrawClipper_QueryInterface=2
IDirectDrawClipper_Release=2
IDirectDrawClipper_SetClipList=2
IDirectDrawClipper_SetHWnd=2
IDirectDrawColorControl_AddRef=2
IDirectDrawColorControl_GetColorControls=2
IDirectDrawColorControl_QueryInterface=2
IDirectDrawColorControl_Release=2
IDirectDrawColorControl_SetColorControls=2
IDirectDrawGammaControl_AddRef=2
IDirectDrawGammaControl_GetGammaRamp=2
IDirectDrawGammaControl_QueryInterface=2
IDirectDrawGammaControl_Release=2
IDirectDrawGammaControl_SetGammaRamp=2
IDirectDrawKernel_GetCaps=2
IDirectDrawKernel_GetKernelHandle=2
IDirectDrawKernel_ReleaseKernelHandle=2
IDirectDrawPalette_AddRef=2
IDirectDrawPalette_GetCaps=2
IDirectDrawPalette_GetEntries=2
IDirectDrawPalette_Initialize=2
IDirectDrawPalette_QueryInterface=2
IDirectDrawPalette_Release=2
IDirectDrawPalette_SetEntries=2
IDirectDrawSurface2_AddAttachedSurface=2
IDirectDrawSurface2_AddOverlayDirtyRect=2
IDirectDrawSurface2_AddRef=2
IDirectDrawSurface2_Blt=2
IDirectDrawSurface2_BltBatch=2
IDirectDrawSurface2_BltFast=2
IDirectDrawSurface2_DeleteAttachedSurface=2
IDirectDrawSurface2_EnumAttachedSurfaces=2
IDirectDrawSurface2_EnumOverlayZOrders=2
IDirectDrawSurface2_Flip=2
IDirectDrawSurface2_GetAttachedSurface=2
IDirectDrawSurface2_GetBltStatus=2
IDirectDrawSurface2_GetCaps=2
IDirectDrawSurface2_GetClipper=2
IDirectDrawSurface2_GetColorKey=2
IDirectDrawSurface2_GetDC=2
IDirectDrawSurface2_GetDDInterface=2
IDirectDrawSurface2_GetFlipStatus=2
IDirectDrawSurface2_GetOverlayPosition=2
IDirectDrawSurface2_GetPalette=2
IDirectDrawSurface2_GetPixelFormat=2
IDirectDrawSurface2_GetSurfaceDesc=2
IDirectDrawSurface2_Initialize=2
IDirectDrawSurface2_IsLost=2
IDirectDrawSurface2_Lock=2
IDirectDrawSurface2_PageLock=2
IDirectDrawSurface2_PageUnlock=2
IDirectDrawSurface2_QueryInterface=2
IDirectDrawSurface2_Release=2
IDirectDrawSurface2_ReleaseDC=2
IDirectDrawSurface2_Restore=2
IDirectDrawSurface2_SetClipper=2
IDirectDrawSurface2_SetColorKey=2
IDirectDrawSurface2_SetOverlayPosition=2
IDirectDrawSurface2_SetPalette=2
IDirectDrawSurface2_Unlock=2
IDirectDrawSurface2_UpdateOverlay=2
IDirectDrawSurface2_UpdateOverlayDisplay=2
IDirectDrawSurface2_UpdateOverlayZOrder=2
IDirectDrawSurface3_AddAttachedSurface=2
IDirectDrawSurface3_AddOverlayDirtyRect=2
IDirectDrawSurface3_AddRef=2
IDirectDrawSurface3_Blt=2
IDirectDrawSurface3_BltBatch=2
IDirectDrawSurface3_BltFast=2
IDirectDrawSurface3_DeleteAttachedSurface=2
IDirectDrawSurface3_EnumAttachedSurfaces=2
IDirectDrawSurface3_EnumOverlayZOrders=2
IDirectDrawSurface3_Flip=2
IDirectDrawSurface3_GetAttachedSurface=2
IDirectDrawSurface3_GetBltStatus=2
IDirectDrawSurface3_GetCaps=2
IDirectDrawSurface3_GetClipper=2
IDirectDrawSurface3_GetColorKey=2
IDirectDrawSurface3_GetDC=2
IDirectDrawSurface3_GetDDInterface=2
IDirectDrawSurface3_GetFlipStatus=2
IDirectDrawSurface3_GetOverlayPosition=2
IDirectDrawSurface3_GetPalette=2
IDirectDrawSurface3_GetPixelFormat=2
IDirectDrawSurface3_GetSurfaceDesc=2
IDirectDrawSurface3_Initialize=2
IDirectDrawSurface3_IsLost=2
IDirectDrawSurface3_Lock=2
IDirectDrawSurface3_PageLock=2
IDirectDrawSurface3_PageUnlock=2
IDirectDrawSurface3_QueryInterface=2
IDirectDrawSurface3_Release=2
IDirectDrawSurface3_ReleaseDC=2
IDirectDrawSurface3_Restore=2
IDirectDrawSurface3_SetClipper=2
IDirectDrawSurface3_SetColorKey=2
IDirectDrawSurface3_SetOverlayPosition=2
IDirectDrawSurface3_SetPalette=2
IDirectDrawSurface3_SetSurfaceDesc=2
IDirectDrawSurface3_Unlock=2
IDirectDrawSurface3_UpdateOverlay=2
IDirectDrawSurface3_UpdateOverlayDisplay=2
IDirectDrawSurface3_UpdateOverlayZOrder=2
IDirectDrawSurface4_AddAttachedSurface=2
IDirectDrawSurface4_AddOverlayDirtyRect=2
IDirectDrawSurface4_AddRef=2
IDirectDrawSurface4_Blt=2
IDirectDrawSurface4_BltBatch=2
IDirectDrawSurface4_BltFast=2
IDirectDrawSurface4_ChangeUniquenessValue=2
IDirectDrawSurface4_DeleteAttachedSurface=2
IDirectDrawSurface4_EnumAttachedSurfaces=2
IDirectDrawSurface4_EnumOverlayZOrders=2
IDirectDrawSurface4_Flip=2
IDirectDrawSurface4_FreePrivateData=2
IDirectDrawSurface4_GetAttachedSurface=2
IDirectDrawSurface4_GetBltStatus=2
IDirectDrawSurface4_GetCaps=2
IDirectDrawSurface4_GetClipper=2
IDirectDrawSurface4_GetColorKey=2
IDirectDrawSurface4_GetDC=2
IDirectDrawSurface4_GetDDInterface=2
IDirectDrawSurface4_GetFlipStatus=2
IDirectDrawSurface4_GetOverlayPosition=2
IDirectDrawSurface4_GetPalette=2
IDirectDrawSurface4_GetPixelFormat=2
IDirectDrawSurface4_GetPrivateData=2
IDirectDrawSurface4_GetSurfaceDesc=2
IDirectDrawSurface4_GetUniquenessValue=2
IDirectDrawSurface4_Initialize=2
IDirectDrawSurface4_IsLost=2
IDirectDrawSurface4_Lock=2
IDirectDrawSurface4_PageLock=2
IDirectDrawSurface4_PageUnlock=2
IDirectDrawSurface4_QueryInterface=2
IDirectDrawSurface4_Release=2
IDirectDrawSurface4_ReleaseDC=2
IDirectDrawSurface4_Restore=2
IDirectDrawSurface4_SetClipper=2
IDirectDrawSurface4_SetColorKey=2
IDirectDrawSurface4_SetOverlayPosition=2
IDirectDrawSurface4_SetPalette=2
IDirectDrawSurface4_SetPrivateData=2
IDirectDrawSurface4_SetSurfaceDesc=2
IDirectDrawSurface4_Unlock=2
IDirectDrawSurface4_UpdateOverlay=2
IDirectDrawSurface4_UpdateOverlayDisplay=2
IDirectDrawSurface4_UpdateOverlayZOrder=2
IDirectDrawSurface7_AddAttachedSurface=2
IDirectDrawSurface7_AddOverlayDirtyRect=2
IDirectDrawSurface7_AddRef=2
IDirectDrawSurface7_Blt=2
IDirectDrawSurface7_BltBatch=2
IDirectDrawSurface7_BltFast=2
IDirectDrawSurface7_ChangeUniquenessValue=2
IDirectDrawSurface7_DeleteAttachedSurface=2
IDirectDrawSurface7_EnumAttachedSurfaces=2
IDirectDrawSurface7_EnumOverlayZOrders=2
IDirectDrawSurface7_Flip=2
IDirectDrawSurface7_FreePrivateData=2
IDirectDrawSurface7_GetAttachedSurface=2
IDirectDrawSurface7_GetBltStatus=2
IDirectDrawSurface7_GetCaps=2
IDirectDrawSurface7_GetClipper=2
IDirectDrawSurface7_GetColorKey=2
IDirectDrawSurface7_GetDC=2
IDirectDrawSurface7_GetDDInterface=2
IDirectDrawSurface7_GetFlipStatus=2
IDirectDrawSurface7_GetLOD=2
IDirectDrawSurface7_GetOverlayPosition=2
IDirectDrawSurface7_GetPalette=2
IDirectDrawSurface7_GetPixelFormat=2
IDirectDrawSurface7_GetPriority=2
IDirectDrawSurface7_GetPrivateData=2
IDirectDrawSurface7_GetSurfaceDesc=2
IDirectDrawSurface7_GetUniquenessValue=2
IDirectDrawSurface7_Initialize=2
IDirectDrawSurface7_IsLost=2
IDirectDrawSurface7_Lock=2
IDirectDrawSurface7_PageLock=2
IDirectDrawSurface7_PageUnlock=2
IDirectDrawSurface7_QueryInterface=2
IDirectDrawSurface7_Release=2
IDirectDrawSurface7_ReleaseDC=2
IDirectDrawSurface7_Restore=2
IDirectDrawSurface7_SetClipper=2
IDirectDrawSurface7_SetColorKey=2
IDirectDrawSurface7_SetLOD=2
IDirectDrawSurface7_SetOverlayPosition=2
IDirectDrawSurface7_SetPalette=2
IDirectDrawSurface7_SetPriority=2
IDirectDrawSurface7_SetPrivateData=2
IDirectDrawSurface7_SetSurfaceDesc=2
IDirectDrawSurface7_Unlock=2
IDirectDrawSurface7_UpdateOverlay=2
IDirectDrawSurface7_UpdateOverlayDisplay=2
IDirectDrawSurface7_UpdateOverlayZOrder=2
IDirectDrawSurfaceKernel_GetKernelHandle=2
IDirectDrawSurfaceKernel_ReleaseKernelHandle=2
IDirectDrawSurface_AddAttachedSurface=2
IDirectDrawSurface_AddOverlayDirtyRect=2
IDirectDrawSurface_AddRef=2
IDirectDrawSurface_Blt=2
IDirectDrawSurface_BltBatch=2
IDirectDrawSurface_BltFast=2
IDirectDrawSurface_DeleteAttachedSurface=2
IDirectDrawSurface_EnumAttachedSurfaces=2
IDirectDrawSurface_EnumOverlayZOrders=2
IDirectDrawSurface_Flip=2
IDirectDrawSurface_GetAttachedSurface=2
IDirectDrawSurface_GetBltStatus=2
IDirectDrawSurface_GetCaps=2
IDirectDrawSurface_GetClipper=2
IDirectDrawSurface_GetColorKey=2
IDirectDrawSurface_GetDC=2
IDirectDrawSurface_GetFlipStatus=2
IDirectDrawSurface_GetOverlayPosition=2
IDirectDrawSurface_GetPalette=2
IDirectDrawSurface_GetPixelFormat=2
IDirectDrawSurface_GetSurfaceDesc=2
IDirectDrawSurface_Initialize=2
IDirectDrawSurface_IsLost=2
IDirectDrawSurface_Lock=2
IDirectDrawSurface_QueryInterface=2
IDirectDrawSurface_Release=2
IDirectDrawSurface_ReleaseDC=2
IDirectDrawSurface_Restore=2
IDirectDrawSurface_SetClipper=2
IDirectDrawSurface_SetColorKey=2
IDirectDrawSurface_SetOverlayPosition=2
IDirectDrawSurface_SetPalette=2
IDirectDrawSurface_Unlock=2
IDirectDrawSurface_UpdateOverlay=2
IDirectDrawSurface_UpdateOverlayDisplay=2
IDirectDrawSurface_UpdateOverlayZOrder=2
IDirectDraw_AddRef=2
IDirectDraw_Compact=2
IDirectDraw_CreateClipper=2
IDirectDraw_CreatePalette=2
IDirectDraw_CreateSurface=2
IDirectDraw_DuplicateSurface=2
IDirectDraw_EnumDisplayModes=2
IDirectDraw_EnumSurfaces=2
IDirectDraw_FlipToGDISurface=2
IDirectDraw_GetCaps=2
IDirectDraw_GetDisplayMode=2
IDirectDraw_GetFourCCCodes=2
IDirectDraw_GetGDISurface=2
IDirectDraw_GetMonitorFrequency=2
IDirectDraw_GetScanLine=2
IDirectDraw_GetVerticalBlankStatus=2
IDirectDraw_Initialize=2
IDirectDraw_QueryInterface=2
IDirectDraw_Release=2
IDirectDraw_RestoreDisplayMode=2
IDirectDraw_SetCooperativeLevel=2
IDirectDraw_SetDisplayMode=2
IDirectDraw_WaitForVerticalBlank=2
IFACEMETHOD=2
IFACEMETHODIMPV_=2
IFACEMETHODIMP_=2
IFACEMETHODV=2
IFACEMETHODV_=2
IFACEMETHOD_=2
IImageListToHIMAGELIST=2
ILIsAligned=2
ILIsChild=2
ILIsEmpty=2
ILNext=2
ILSkip=2
IMAGE_FIRST_SECTION=2
IMAGE_ORDINAL=2
IMAGE_ORDINAL32=2
IMAGE_ORDINAL64=2
IMAGE_POLICY_ANSI_STRING=2
IMAGE_POLICY_BOOL=2
IMAGE_POLICY_END=0
IMAGE_POLICY_INT16=2
IMAGE_POLICY_INT32=2
IMAGE_POLICY_INT64=2
IMAGE_POLICY_INT8=2
IMAGE_POLICY_OVERRIDE=2
IMAGE_POLICY_START=2
IMAGE_POLICY_UINT16=2
IMAGE_POLICY_UINT32=2
IMAGE_POLICY_UINT64=2
IMAGE_POLICY_UINT8=2
IMAGE_POLICY_UNICODE_STRING=2
IMAGE_SNAP_BY_ORDINAL=2
IMAGE_SNAP_BY_ORDINAL32=2
IMAGE_SNAP_BY_ORDINAL64=2
INCREF=2
INDEXTOOVERLAYMASK=2
INDEXTOSTATEIMAGEMASK=2
INS_IMM64=2
IN_CLASSA=2
IN_CLASSB=2
IN_CLASSC=2
ISARY=2
ISDBLCLICK=2
ISFCN=2
ISLBUTTON=2
ISMBUTTON=2
ISPTR=2
ISRBUTTON=2
ISTAG=2
IS_CERT_EXCLUDED_SUBTREE=2
IS_CERT_HASH_PROP_ID=2
IS_CERT_RDN_CHAR_STRING=2
IS_CHAIN_HASH_PROP_ID=2
IS_CRL_DIST_POINT_ERR_CRL_ISSUER=2
IS_DISPATCHING=2
IS_ERROR=2
IS_HIGH_SURROGATE=2
IS_INTRESOURCE=2
IS_LOW_SURROGATE=2
IS_POINTER_CANCELED_WPARAM=2
IS_POINTER_FIFTHBUTTON_WPARAM=2
IS_POINTER_FIRSTBUTTON_WPARAM=2
IS_POINTER_FLAG_SET_WPARAM=2
IS_POINTER_FOURTHBUTTON_WPARAM=2
IS_POINTER_INCONTACT_WPARAM=2
IS_POINTER_INRANGE_WPARAM=2
IS_POINTER_NEW_WPARAM=2
IS_POINTER_PRIMARY_WPARAM=2
IS_POINTER_SECONDBUTTON_WPARAM=2
IS_POINTER_THIRDBUTTON_WPARAM=2
IS_PUBKEY_HASH_PROP_ID=2
IS_SPECIAL_OID_INFO_ALGID=2
IS_STRONG_SIGN_PROP_ID=2
IS_SURROGATE_PAIR=2
IS_TARGET_UNWIND=2
IS_UNWINDING=2
IS_VALIDATION_ENABLED=2
IS_ZERO_TOKEN=2
IVideoPortContainer_AddRef=2
IVideoPortContainer_CreateVideoPort=2
IVideoPortContainer_EnumVideoPorts=2
IVideoPortContainer_GetVideoPortConnectInfo=2
IVideoPortContainer_QueryInterface=2
IVideoPortContainer_QueryVideoPortStatus=2
IVideoPortContainer_Release=2
IVideoPortNotify_AcquireNotification=2
IVideoPortNotify_AddRef=2
IVideoPortNotify_QueryInterface=2
IVideoPortNotify_Release=2
IVideoPortNotify_ReleaseNotification=2
IVideoPort_AddRef=2
IVideoPort_Flip=2
IVideoPort_GetBandwidthInfo=2
IVideoPort_GetColorControls=2
IVideoPort_GetFieldPolarity=2
IVideoPort_GetInputFormats=2
IVideoPort_GetOutputFormats=2
IVideoPort_GetVideoLine=2
IVideoPort_GetVideoSignalStatus=2
IVideoPort_QueryInterface=2
IVideoPort_Release=2
IVideoPort_SetColorControls=2
IVideoPort_SetTargetSurface=2
IVideoPort_StartVideo=2
IVideoPort_StopVideo=2
IVideoPort_UpdateVideo=2
IVideoPort_WaitForSync=2
ImageList_AddIcon=2
ImageList_ExtractIcon=2
ImageList_LoadBitmap=2
ImageList_RemoveAll=2
InlineIsEqualGUID=2
Int32x32To64=2
Int64ShllMod32=2
Int64ShraMod32=2
Int64ShrlMod32=2
IntToPtr=2
InterlockedDecrementSizeT=2
InterlockedDecrementSizeTNoFence=2
InterlockedExchangeAddSizeT=2
InterlockedExchangeAddSizeTAcquire=2
InterlockedExchangeAddSizeTNoFence=2
InterlockedIncrementSizeT=2
InterlockedIncrementSizeTNoFence=2
IntlStrEqNA=2
IntlStrEqNIA=2
IntlStrEqNIW=2
IntlStrEqNW=2
IsContainerPartition=2
IsDsmActionNonDestructive=2
IsEqualCATID=2
IsEqualCLSID=2
IsEqualFMTID=2
IsEqualGUID=2
IsEqualIID=2
IsEqualPropertyKey=2
IsFTPartition=2
IsHashValCompatible=2
IsKeyReadCopyNumber=2
IsRecognizedPartition=2
IsReparseTagDirectory=2
IsReparseTagMicrosoft=2
IsReparseTagNameSurrogate=2
IsVirtualDiskFileShared=2
LANGIDFROMLCID=2
LENGHTOF=3
LENGTH=3
LHashValOfName=2
LISet32=2
LOBYTE=2
LOW=3
LOWORD=2
LWSTDAPIV_=2
LWSTDAPI_=2
LimitEmsPages=2
ListView_ApproximateViewRect=2
ListView_Arrange=2
ListView_CancelEditLabel=2
ListView_CreateDragImage=2
ListView_DeleteAllItems=2
ListView_DeleteColumn=2
ListView_DeleteItem=2
ListView_EditLabel=2
ListView_EnableGroupView=2
ListView_EnsureVisible=2
ListView_FindItem=2
ListView_GetBkColor=2
ListView_GetBkImage=2
ListView_GetCallbackMask=2
ListView_GetCheckState=2
ListView_GetColumn=2
ListView_GetColumnOrderArray=2
ListView_GetColumnWidth=2
ListView_GetCountPerPage=2
ListView_GetEditControl=2
ListView_GetEmptyText=2
ListView_GetExtendedListViewStyle=2
ListView_GetFocusedGroup=2
ListView_GetFooterInfo=2
ListView_GetFooterItem=2
ListView_GetFooterItemRect=2
ListView_GetFooterRect=2
ListView_GetGroupCount=2
ListView_GetGroupHeaderImageList=2
ListView_GetGroupInfo=2
ListView_GetGroupInfoByIndex=2
ListView_GetGroupMetrics=2
ListView_GetGroupRect=2
ListView_GetGroupState=2
ListView_GetHeader=2
ListView_GetHotCursor=2
ListView_GetHotItem=2
ListView_GetHoverTime=2
ListView_GetISearchString=2
ListView_GetImageList=2
ListView_GetInsertMark=2
ListView_GetInsertMarkColor=2
ListView_GetInsertMarkRect=2
ListView_GetItem=2
ListView_GetItemCount=2
ListView_GetItemIndexRect=2
ListView_GetItemPosition=2
ListView_GetItemRect=2
ListView_GetItemSpacing=2
ListView_GetItemState=2
ListView_GetItemText=2
ListView_GetNextItem=2
ListView_GetNextItemIndex=2
ListView_GetNumberOfWorkAreas=2
ListView_GetOrigin=2
ListView_GetOutlineColor=2
ListView_GetSelectedColumn=2
ListView_GetSelectedCount=2
ListView_GetSelectionMark=2
ListView_GetStringWidth=2
ListView_GetSubItemRect=2
ListView_GetTextBkColor=2
ListView_GetTextColor=2
ListView_GetTileInfo=2
ListView_GetTileViewInfo=2
ListView_GetToolTips=2
ListView_GetTopIndex=2
ListView_GetUnicodeFormat=2
ListView_GetView=2
ListView_GetViewRect=2
ListView_GetWorkAreas=2
ListView_HasGroup=2
ListView_HitTest=2
ListView_HitTestEx=2
ListView_InsertColumn=2
ListView_InsertGroup=2
ListView_InsertGroupSorted=2
ListView_InsertItem=2
ListView_InsertMarkHitTest=2
ListView_IsGroupViewEnabled=2
ListView_IsItemVisible=2
ListView_MapIDToIndex=2
ListView_MapIndexToID=2
ListView_MoveGroup=2
ListView_MoveItemToGroup=2
ListView_RedrawItems=2
ListView_RemoveAllGroups=2
ListView_RemoveGroup=2
ListView_Scroll=2
ListView_SetBkColor=2
ListView_SetBkImage=2
ListView_SetCallbackMask=2
ListView_SetCheckState=2
ListView_SetColumn=2
ListView_SetColumnOrderArray=2
ListView_SetColumnWidth=2
ListView_SetExtendedListViewStyle=2
ListView_SetExtendedListViewStyleEx=2
ListView_SetGroupHeaderImageList=2
ListView_SetGroupInfo=2
ListView_SetGroupMetrics=2
ListView_SetGroupState=2
ListView_SetHotCursor=2
ListView_SetHotItem=2
ListView_SetHoverTime=2
ListView_SetIconSpacing=2
ListView_SetImageList=2
ListView_SetInfoTip=2
ListView_SetInsertMark=2
ListView_SetInsertMarkColor=2
ListView_SetItem=2
ListView_SetItemCount=2
ListView_SetItemCountEx=2
ListView_SetItemIndexState=2
ListView_SetItemPosition=2
ListView_SetItemPosition32=2
ListView_SetItemState=2
ListView_SetItemText=2
ListView_SetOutlineColor=2
ListView_SetSelectedColumn=2
ListView_SetSelectionMark=2
ListView_SetTextBkColor=2
ListView_SetTextColor=2
ListView_SetTileInfo=2
ListView_SetTileViewInfo=2
ListView_SetToolTips=2
ListView_SetUnicodeFormat=2
ListView_SetView=2
ListView_SetWorkAreas=2
ListView_SortGroups=2
ListView_SortItems=2
ListView_SortItemsEx=2
ListView_SubItemHitTest=2
ListView_SubItemHitTestEx=2
ListView_Update=2
LocalDiscard=2
LockSegment=2
LongToHandle=2
LongToPtr=2
LookupAccountNameLocalA=2
LookupAccountNameLocalW=2
LookupAccountSidLocalA=2
LookupAccountSidLocalW=2
MAKEDLLVERULL=2
MAKEFOURCC=2
MAKEINTATOM=2
MAKEINTRESOURCEA=2
MAKEINTRESOURCEW=2
MAKEIPADDRESS=2
MAKEIPRANGE=2
MAKELANGID=2
MAKELCID=2
MAKELONG=2
MAKELPARAM=2
MAKELRESULT=2
MAKEPOINTS=2
MAKEROP4=2
MAKESORTLCID=2
MAKEWORD=2
MAKEWPARAM=2
MAKE_DDHRESULT=2
MAKE_HRESULT=2
MAKE_SCODE=2
MAKE_ZERO_TOKEN=2
MANDATORY_LEVEL_TO_MANDATORY_RID=2
MASK=3
MCI_HMS_HOUR=2
MCI_HMS_MINUTE=2
MCI_HMS_SECOND=2
MCI_MAKE_HMS=2
MCI_MAKE_MSF=2
MCI_MAKE_TMSF=2
MCI_MSF_FRAME=2
MCI_MSF_MINUTE=2
MCI_MSF_SECOND=2
MCI_TMSF_FRAME=2
MCI_TMSF_MINUTE=2
MCI_TMSF_SECOND=2
MCI_TMSF_TRACK=2
MDM_GEN_ANALOG_PROTOCOL_DATA=2
MDM_GEN_AUTO_PROTOCOL_DATA=2
MDM_GEN_EXTENDEDINFO=2
MDM_GEN_HDLCPPP_PROTOCOL_DATA=2
MDM_GEN_PROTOCOLINFO=2
MDM_GEN_V110_PROTOCOL_DATA=2
MDM_GEN_V120_PROTOCOL_DATA=2
MDM_GEN_X75_PROTOCOL_DATA=2
MDM_GET_BEARERMODE=2
MDM_GET_EXTENDEDINFO=2
MDM_GET_PROTOCOLDATA=2
MDM_GET_PROTOCOLID=2
MDM_GET_PROTOCOLINFO=2
MDM_SET_BEARERMODE=2
MDM_SET_EXTENDEDINFO=2
MDM_SET_PROTOCOLDATA=2
MDM_SET_PROTOCOLID=2
MDM_SET_PROTOCOLINFO=2
METHOD_FROM_CTL_CODE=2
MEVT_EVENTPARM=2
MEVT_EVENTTYPE=2
MIDL_DEFINE_GUID=7
MIDL_INTERFACE=71
MIDL_ascii_strcpy=2
MIDL_ascii_strlen=2
MIDL_memset=2
MakeProcInstance=2
MonthCal_GetCALID=2
MonthCal_GetCalendarBorder=2
MonthCal_GetCalendarCount=2
MonthCal_GetCalendarGridInfo=2
MonthCal_GetColor=2
MonthCal_GetCurSel=2
MonthCal_GetCurrentView=2
MonthCal_GetFirstDayOfWeek=2
MonthCal_GetMaxSelCount=2
MonthCal_GetMaxTodayWidth=2
MonthCal_GetMinReqRect=2
MonthCal_GetMonthDelta=2
MonthCal_GetMonthRange=2
MonthCal_GetRange=2
MonthCal_GetSelRange=2
MonthCal_GetToday=2
MonthCal_GetUnicodeFormat=2
MonthCal_HitTest=2
MonthCal_SetCALID=2
MonthCal_SetCalendarBorder=2
MonthCal_SetColor=2
MonthCal_SetCurSel=2
MonthCal_SetCurrentView=2
MonthCal_SetDayState=2
MonthCal_SetFirstDayOfWeek=2
MonthCal_SetMaxSelCount=2
MonthCal_SetMonthDelta=2
MonthCal_SetRange=2
MonthCal_SetSelRange=2
MonthCal_SetToday=2
MonthCal_SetUnicodeFormat=2
MonthCal_SizeRectToMin=2
NDRSContextValue=2
NEXTRAWINPUTBLOCK=2
NTDDI_VERSION_FROM_WIN32_WINNT=2
NTDDI_VERSION_FROM_WIN32_WINNT2=2
NdrFcLong=2
NdrFcShort=2
NdrFieldOffset=2
NdrFieldPad=2
NdrMarshCCtxtHdl=2
NdrMarshConfStringHdr=2
NdrMarshSCtxtHdl=2
NdrUnMarshCCtxtHdl=2
NdrUnMarshConfStringHdr=2
NdrUnMarshSCtxtHdl=2
NetAddr_DisplayErrorTip=2
NetAddr_GetAddress=2
NetAddr_GetAllowType=2
NetAddr_SetAllowType=2
OFFSET=3
OFFSETOFCLASS=2
OLEAPI_=3
OLESTR=2
OSVER=2
PALETTEINDEX=2
PALETTERGB=2
PCSCardIntroduceCardType=2
POINTSTOPOINT=2
POINTTOPOINTS=2
PRIMARYLANGID=2
PROBE_ALIGNMENT=2
PROBE_ALIGNMENT32=2
PROPSETHDR_OSVER_KIND=2
PROPSETHDR_OSVER_MAJOR=2
PROPSETHDR_OSVER_MINOR=2
PSSTDAPI_=2
Pager_ForwardMouse=2
Pager_GetBkColor=2
Pager_GetBorder=2
Pager_GetButtonSize=2
Pager_GetButtonState=2
Pager_GetDropTarget=2
Pager_GetPos=2
Pager_RecalcSize=2
Pager_SetBkColor=2
Pager_SetBorder=2
Pager_SetButtonSize=2
Pager_SetChild=2
Pager_SetPos=2
Pager_SetScrollInfo=2
PathIsHTMLFileA=2
PathIsHTMLFileW=2
PostAppMessageA=2
PostAppMessageW=2
PreFetchCacheLine=2
PrefetchForWrite=2
ProcThreadAttributeValue=2
PropVariantInit=2
PropagateResult=2
Ptr32ToPtr=2
Ptr64ToPtr=2
PtrToInt=2
PtrToLong=2
PtrToPtr32=2
PtrToPtr64=2
PtrToShort=2
PtrToUint=2
PtrToUlong=2
PtrToUshort=2
QITABENT=2
QITABENTMULTI=2
QITABENTMULTI2=2
RAWINPUT_ALIGN=2
RCRYPT_FAILED=2
RCRYPT_SUCCEEDED=2
RGB=2
RIDEV_EXMODE=2
RTL_BITS_OF=2
RTL_BITS_OF_FIELD=2
RTL_CONST_CAST=2
RTL_CONTAINS_FIELD=2
RTL_FIELD_SIZE=2
RTL_FIELD_TYPE=2
RTL_NUMBER_OF=2
RTL_NUMBER_OF_FIELD=2
RTL_NUMBER_OF_V1=2
RTL_NUMBER_OF_V2=2
RTL_PADDING_BETWEEN_FIELDS=2
RTL_SIZEOF_THROUGH_FIELD=2
ReadCopyNumberFromKey=2
ReadCopyNumberToKey=2
ReadForWriteAccess=2
ReadTimeStampCounter=0
ResultFromScode=2
RpcAbnormalTermination=0
RpcAsyncGetCallHandle=2
RpcExcept=2
RpcExceptionCode=0
RtlCopyMemory=2
RtlEqualMemory=2
RtlFillMemory=2
RtlMoveMemory=2
RtlZeroMemory=2
SA=2
SAL_VERSION_CHECK=2
SAL_VERSION_SAL2=2
SCARD_ATTR_VALUE=2
SCARD_CTL_CODE=2
SCODE_CODE=2
SCODE_FACILITY=2
SCODE_SEVERITY=2
SECOND_IPADDRESS=2
SECURITY_SID_SIZE=2
SHAnsiToTChar=2
SHDOCAPI_=2
SHSTDAPI_=3
SHSTDDOCAPI_=2
SHTCharToAnsi=2
SHTCharToUnicode=2
SHUnicodeToTChar=2
SIZEOF=3
SORTIDFROMLCID=2
SORTVERSIONFROMLCID=2
SPVER=2
STATIC_CAST=2
STDAPI=3
STDAPIV_=2
STDAPI_=3
STDMETHOD=31
STDMETHODIMPV_=2
STDMETHODIMP_=2
STDMETHODV=2
STDMETHODV_=2
STDMETHOD_=31
STDOVERRIDEMETHODIMPV_=2
STDOVERRIDEMETHODIMP_=2
STRUC_ALIGNED_STACK_COPY=2
SUBLANGID=2
SUBVER=2
SUCCEEDED=2
SURFACE_PHYSICALVIDMEM=2
SetSwapAreaSize=2
SetSysModalWindow=2
SetUrlPolicyPermissions=2
ShellFolderView_AddObject=2
ShellFolderView_GetSelectedObjects=2
ShellFolderView_ReArrange=2
ShellFolderView_RemoveObject=2
ShellFolderView_SetClipboard=2
ShellFolderView_SetItemPos=2
ShellFolderView_SetPoints=2
ShellFolderView_UpdateObject=2
StrIntlEqNA=2
StrIntlEqNIA=2
StrIntlEqNIW=2
StrIntlEqNW=2
SupportsDeviceSharing=2
TEXT=2
THEMEAPI=3
THEMEAPI_=3
THIRD_IPADDRESS=2
TOUCH_COORD_TO_PIXEL=2
TSTR_ALIGNED=2
TSTR_ALIGNED_STACK_COPY=2
TYPE=3
TYPE_ALIGNMENT=2
TabCtrl_AdjustRect=2
TabCtrl_DeleteAllItems=2
TabCtrl_DeleteItem=2
TabCtrl_DeselectAll=2
TabCtrl_GetCurFocus=2
TabCtrl_GetCurSel=2
TabCtrl_GetExtendedStyle=2
TabCtrl_GetImageList=2
TabCtrl_GetItem=2
TabCtrl_GetItemCount=2
TabCtrl_GetItemRect=2
TabCtrl_GetRowCount=2
TabCtrl_GetToolTips=2
TabCtrl_GetUnicodeFormat=2
TabCtrl_HighlightItem=2
TabCtrl_HitTest=2
TabCtrl_InsertItem=2
TabCtrl_RemoveImage=2
TabCtrl_SetCurFocus=2
TabCtrl_SetCurSel=2
TabCtrl_SetExtendedStyle=2
TabCtrl_SetImageList=2
TabCtrl_SetItem=2
TabCtrl_SetItemExtra=2
TabCtrl_SetItemSize=2
TabCtrl_SetMinTabWidth=2
TabCtrl_SetPadding=2
TabCtrl_SetToolTips=2
TabCtrl_SetUnicodeFormat=2
TraceLoggingCORRELATION_VECTOR=2
TreeView_CreateDragImage=2
TreeView_DeleteAllItems=2
TreeView_DeleteItem=2
TreeView_EditLabel=2
TreeView_EndEditLabelNow=2
TreeView_EnsureVisible=2
TreeView_Expand=2
TreeView_GetBkColor=2
TreeView_GetCheckState=2
TreeView_GetChild=2
TreeView_GetCount=2
TreeView_GetDropHilight=2
TreeView_GetEditControl=2
TreeView_GetExtendedStyle=2
TreeView_GetFirstVisible=2
TreeView_GetISearchString=2
TreeView_GetImageList=2
TreeView_GetIndent=2
TreeView_GetInsertMarkColor=2
TreeView_GetItem=2
TreeView_GetItemHeight=2
TreeView_GetItemPartRect=2
TreeView_GetItemRect=2
TreeView_GetItemState=2
TreeView_GetLastVisible=2
TreeView_GetLineColor=2
TreeView_GetNextItem=2
TreeView_GetNextSelected=2
TreeView_GetNextSibling=2
TreeView_GetNextVisible=2
TreeView_GetParent=2
TreeView_GetPrevSibling=2
TreeView_GetPrevVisible=2
TreeView_GetRoot=2
TreeView_GetScrollTime=2
TreeView_GetSelectedCount=2
TreeView_GetSelection=2
TreeView_GetTextColor=2
TreeView_GetToolTips=2
TreeView_GetUnicodeFormat=2
TreeView_GetVisibleCount=2
TreeView_HitTest=2
TreeView_InsertItem=2
TreeView_MapAccIDToHTREEITEM=2
TreeView_MapHTREEITEMToAccID=2
TreeView_Select=2
TreeView_SelectDropTarget=2
TreeView_SelectItem=2
TreeView_SelectSetFirstVisible=2
TreeView_SetAutoScrollInfo=2
TreeView_SetBkColor=2
TreeView_SetBorder=2
TreeView_SetCheckState=2
TreeView_SetExtendedStyle=2
TreeView_SetHot=2
TreeView_SetImageList=2
TreeView_SetIndent=2
TreeView_SetInsertMark=2
TreeView_SetInsertMarkColor=2
TreeView_SetItem=2
TreeView_SetItemHeight=2
TreeView_SetItemState=2
TreeView_SetLineColor=2
TreeView_SetScrollTime=2
TreeView_SetTextColor=2
TreeView_SetToolTips=2
TreeView_SetUnicodeFormat=2
TreeView_ShowInfoTip=2
TreeView_SortChildren=2
TreeView_SortChildrenCB=2
UFIELD_OFFSET=2
UInt32x32To64=2
UIntToPtr=2
ULISet32=2
ULongToHandle=2
ULongToPtr=2
UNREFERENCED_PARAMETER=2
USER_CALL_AUX_MASK=2
USER_CALL_CTXT_MASK=2
UintToPtr=2
UlongToHandle=2
UlongToPtr=2
UnlockResource=2
UnlockSegment=2
UrlEscapeSpaces=2
UrlIsFileUrlA=2
UrlIsFileUrlW=2
UrlUnescapeInPlace=2
VALID_ALIGNMENT=2
VALID_IMPERSONATION_LEVEL=2
VER_SET_CONDITION=2
VOID_OFFSET=2
V_ARRAY=2
V_ARRAYREF=2
V_BOOL=2
V_BOOLREF=2
V_BSTR=2
V_BSTRREF=2
V_BYREF=2
V_CY=2
V_CYREF=2
V_DATE=2
V_DATEREF=2
V_DECIMAL=2
V_DECIMALREF=2
V_DISPATCH=2
V_DISPATCHREF=2
V_ERROR=2
V_ERRORREF=2
V_I1=2
V_I1REF=2
V_I2=2
V_I2REF=2
V_I4=2
V_I4REF=2
V_I8=2
V_I8REF=2
V_INT=2
V_INTREF=2
V_INT_PTR=2
V_INT_PTRREF=2
V_ISARRAY=2
V_ISBYREF=2
V_ISVECTOR=2
V_NONE=2
V_R4=2
V_R4REF=2
V_R8=2
V_R8REF=2
V_RECORD=2
V_RECORDINFO=2
V_UI1=2
V_UI1REF=2
V_UI2=2
V_UI2REF=2
V_UI4=2
V_UI4REF=2
V_UI8=2
V_UI8REF=2
V_UINT=2
V_UINTREF=2
V_UINT_PTR=2
V_UINT_PTRREF=2
V_UNION=2
V_UNKNOWN=2
V_UNKNOWNREF=2
V_VARIANTREF=2
V_VT=2
VarI4FromI4=2
VarI8FromI8=2
VarUI4FromUI4=2
VarUI8FromUI8=2
WHashValOfLHashVal=2
WIDTH=3
WINAPI_FAMILY_PARTITION=515
WINAPI_PARTITION_APP=515
WINAPI_PARTITION_DESKTOP=515
WINAPI_PARTITION_PHONE=515
WINAPI_PARTITION_PHONE_APP=515
WINAPI_PARTITION_SYSTEM=515
WINOLEAPI=3
WINOLEAPI_=2
WINOLEAUTAPI_=2
WSAGETASYNCBUFLEN=2
WSAGETASYNCERROR=2
WSAGETSELECTERROR=2
WSAGETSELECTEVENT=2
WSAMAKEASYNCREPLY=2
WSAMAKESELECTREPLY=2
WSTR_ALIGNED=2
WSTR_ALIGNED_STACK_COPY=2
WT_SET_MAX_THREADPOOL_THREADS=2
XM_DEPRECATED=1025
Yield=0
_ADDRESSOF=2
_APALIGN=2
_ARRAYSIZE=2
_Accessible_bytes_=2
_Accessible_bytes_when_=2
_Acquires_exclusive_lock_=2
_Acquires_lock_=2
_Acquires_nonreentrant_lock_=2
_Acquires_shared_lock_=2
_Always_=2
_Always_impl_=2
_Analysis_assume_=2
_Analysis_assume_lock_acquired_=2
_Analysis_assume_lock_held_=2
_Analysis_assume_lock_not_held_=2
_Analysis_assume_lock_released_=2
_Analysis_assume_nullterminated_=2
_Analysis_assume_same_lock_=2
_Analysis_assume_section_locked_=2
_Analysis_assume_section_unlocked_=2
_Analysis_mode_=2
_Analysis_mode_impl_=2
_Analysis_suppress_lock_checking_=2
_At_=2
_At_buffer_=2
_At_buffer_impl_=2
_At_impl_=2
_CRT_ALIGN=2
_CRT_APPEND=2
_CRT_DEPRECATE_TEXT=1025
_CRT_INSECURE_DEPRECATE=1025
_CRT_INSECURE_DEPRECATE_GLOBALS=1025
_CRT_INSECURE_DEPRECATE_MEMORY=2
_CRT_MANAGED_FP_DEPRECATE=1025
_CRT_MANAGED_FP_NO_DEPRECATE=1025
_CRT_MANAGED_HEAP_NO_DEPRECATE=1025
_CRT_MANAGED_HEAP_NO_WARNINGS=1025
_CRT_NONSTDC_DEPRECATE=1025
_CRT_OBSOLETE=1025
_CRT_SECURE_DEPRECATE_MEMORY=1025
_CRT_SECURE_INVALID_PARAMETER=2
_CRT_SECURE_NO_DEPRECATE_GLOBALS=1025
_CRT_STRINGIZE=2
_CRT_UNUSED=2
_CRT_WIDE=2
_CRYPT32WTEXT=2
_Called_from_function_class_=2
_Create_lock_level_=2
_Csalcat1_=2
_Csalcat2_=2
_Deref2_post1_impl_=2
_Deref2_pre1_impl_=2
_Deref2_ret1_impl_=2
_Deref_in_range_=2
_Deref_in_range_impl_=2
_Deref_inout_range_=2
_Deref_inout_z_bytecap_c_=2
_Deref_inout_z_cap_c_=2
_Deref_out_range_=2
_Deref_out_range_impl_=2
_Deref_out_z_bytecap_c_=2
_Deref_out_z_cap_c_=2
_Deref_post1_impl_=2
_Deref_post2_impl_=2
_Deref_post3_impl_=2
_Deref_post_bytecap_=2
_Deref_post_bytecap_c_=2
_Deref_post_bytecap_x_=2
_Deref_post_bytecount_=2
_Deref_post_bytecount_c_=2
_Deref_post_bytecount_x_=2
_Deref_post_cap_=2
_Deref_post_cap_c_=2
_Deref_post_cap_x_=2
_Deref_post_count_=2
_Deref_post_count_c_=2
_Deref_post_count_x_=2
_Deref_post_opt_bytecap_=2
_Deref_post_opt_bytecap_c_=2
_Deref_post_opt_bytecap_x_=2
_Deref_post_opt_bytecount_=2
_Deref_post_opt_bytecount_c_=2
_Deref_post_opt_bytecount_x_=2
_Deref_post_opt_cap_=2
_Deref_post_opt_cap_c_=2
_Deref_post_opt_cap_x_=2
_Deref_post_opt_count_=2
_Deref_post_opt_count_c_=2
_Deref_post_opt_count_x_=2
_Deref_post_opt_valid_bytecap_=2
_Deref_post_opt_valid_bytecap_c_=2
_Deref_post_opt_valid_bytecap_x_=2
_Deref_post_opt_valid_cap_=2
_Deref_post_opt_valid_cap_c_=2
_Deref_post_opt_valid_cap_x_=2
_Deref_post_opt_z_bytecap_=2
_Deref_post_opt_z_bytecap_c_=2
_Deref_post_opt_z_bytecap_x_=2
_Deref_post_opt_z_cap_=2
_Deref_post_opt_z_cap_c_=2
_Deref_post_opt_z_cap_x_=2
_Deref_post_valid_bytecap_=2
_Deref_post_valid_bytecap_c_=2
_Deref_post_valid_bytecap_x_=2
_Deref_post_valid_cap_=2
_Deref_post_valid_cap_c_=2
_Deref_post_valid_cap_x_=2
_Deref_post_z_bytecap_=2
_Deref_post_z_bytecap_c_=2
_Deref_post_z_bytecap_x_=2
_Deref_post_z_cap_=2
_Deref_post_z_cap_c_=2
_Deref_post_z_cap_x_=2
_Deref_pre1_impl_=2
_Deref_pre2_impl_=2
_Deref_pre3_impl_=2
_Deref_pre_bytecap_=2
_Deref_pre_bytecap_c_=2
_Deref_pre_bytecap_x_=2
_Deref_pre_bytecount_=2
_Deref_pre_bytecount_c_=2
_Deref_pre_bytecount_x_=2
_Deref_pre_cap_=2
_Deref_pre_cap_c_=2
_Deref_pre_cap_x_=2
_Deref_pre_count_=2
_Deref_pre_count_c_=2
_Deref_pre_count_x_=2
_Deref_pre_opt_bytecap_=2
_Deref_pre_opt_bytecap_c_=2
_Deref_pre_opt_bytecap_x_=2
_Deref_pre_opt_bytecount_=2
_Deref_pre_opt_bytecount_c_=2
_Deref_pre_opt_bytecount_x_=2
_Deref_pre_opt_cap_=2
_Deref_pre_opt_cap_c_=2
_Deref_pre_opt_cap_x_=2
_Deref_pre_opt_count_=2
_Deref_pre_opt_count_c_=2
_Deref_pre_opt_count_x_=2
_Deref_pre_opt_valid_bytecap_=2
_Deref_pre_opt_valid_bytecap_c_=2
_Deref_pre_opt_valid_bytecap_x_=2
_Deref_pre_opt_valid_cap_=2
_Deref_pre_opt_valid_cap_c_=2
_Deref_pre_opt_valid_cap_x_=2
_Deref_pre_opt_z_bytecap_=2
_Deref_pre_opt_z_bytecap_c_=2
_Deref_pre_opt_z_bytecap_x_=2
_Deref_pre_opt_z_cap_=2
_Deref_pre_opt_z_cap_c_=2
_Deref_pre_opt_z_cap_x_=2
_Deref_pre_valid_bytecap_=2
_Deref_pre_valid_bytecap_c_=2
_Deref_pre_valid_bytecap_x_=2
_Deref_pre_valid_cap_=2
_Deref_pre_valid_cap_c_=2
_Deref_pre_valid_cap_x_=2
_Deref_pre_z_bytecap_=2
_Deref_pre_z_bytecap_c_=2
_Deref_pre_z_bytecap_x_=2
_Deref_pre_z_cap_=2
_Deref_pre_z_cap_c_=2
_Deref_pre_z_cap_x_=2
_Deref_prepost_bytecap_=2
_Deref_prepost_bytecap_x_=2
_Deref_prepost_bytecount_=2
_Deref_prepost_bytecount_x_=2
_Deref_prepost_cap_=2
_Deref_prepost_cap_x_=2
_Deref_prepost_count_=2
_Deref_prepost_count_x_=2
_Deref_prepost_opt_bytecap_=2
_Deref_prepost_opt_bytecap_x_=2
_Deref_prepost_opt_bytecount_=2
_Deref_prepost_opt_bytecount_x_=2
_Deref_prepost_opt_cap_=2
_Deref_prepost_opt_cap_x_=2
_Deref_prepost_opt_count_=2
_Deref_prepost_opt_count_x_=2
_Deref_prepost_opt_valid_bytecap_=2
_Deref_prepost_opt_valid_bytecap_x_=2
_Deref_prepost_opt_valid_cap_=2
_Deref_prepost_opt_valid_cap_x_=2
_Deref_prepost_opt_z_bytecap_=2
_Deref_prepost_opt_z_cap_=2
_Deref_prepost_valid_bytecap_=2
_Deref_prepost_valid_bytecap_x_=2
_Deref_prepost_valid_cap_=2
_Deref_prepost_valid_cap_x_=2
_Deref_prepost_z_bytecap_=2
_Deref_prepost_z_cap_=2
_Deref_ret1_impl_=2
_Deref_ret2_impl_=2
_Deref_ret3_impl_=2
_Deref_ret_range_=2
_Deref_ret_range_impl_=2
_Dispatch_type_=2
_Field_range_=2
_Field_range_impl_=2
_Field_size_=2
_Field_size_bytes_=2
_Field_size_bytes_full_=2
_Field_size_bytes_full_opt_=2
_Field_size_bytes_opt_=2
_Field_size_bytes_part_=2
_Field_size_bytes_part_opt_=2
_Field_size_full_=2
_Field_size_full_opt_=2
_Field_size_opt_=2
_Field_size_part_=2
_Field_size_part_opt_=2
_Format_string_impl_=2
_Function_class_=2
_Function_ignore_lock_checking_=2
_GrouP_=2
_GrouP_impl_=2
_Group_=2
_Group_impl_=2
_Guarded_by_=2
_HRESULT_TYPEDEF_=2
_Has_lock_kind_=2
_Has_lock_level_=2
_INTSIZEOF=2
_IO=2
_IOR=2
_IOW=2
_IRQL_always_function_max_=2
_IRQL_always_function_min_=2
_IRQL_limited_to_=2
_IRQL_raises_=2
_IRQL_requires_=2
_IRQL_requires_max_=2
_IRQL_requires_min_=2
_IRQL_restores_global_=2
_IRQL_saves_global_=2
_In_NLS_string_=2
_In_bypassable_reads_or_z_=2
_In_bytecount_=2
_In_bytecount_c_=2
_In_bytecount_x_=2
_In_count_=2
_In_count_c_=2
_In_count_x_=2
_In_defensive_=2
_In_function_class_=2
_In_opt_bytecount_=2
_In_opt_bytecount_c_=2
_In_opt_bytecount_x_=2
_In_opt_count_=2
_In_opt_count_c_=2
_In_opt_count_x_=2
_In_opt_ptrdiff_count_=2
_In_opt_z_bytecount_=2
_In_opt_z_bytecount_c_=2
_In_opt_z_count_=2
_In_opt_z_count_c_=2
_In_ptrdiff_count_=2
_In_range_=2
_In_range_impl_=2
_In_reads_=2
_In_reads_bytes_=2
_In_reads_bytes_opt_=2
_In_reads_opt_=2
_In_reads_opt_z_=2
_In_reads_or_z_=2
_In_reads_or_z_opt_=2
_In_reads_to_ptr_=2
_In_reads_to_ptr_opt_=2
_In_reads_to_ptr_opt_z_=2
_In_reads_to_ptr_z_=2
_In_reads_z_=2
_In_z_bytecount_=2
_In_z_bytecount_c_=2
_In_z_count_=2
_In_z_count_c_=2
_Inout_bytecap_=2
_Inout_bytecap_c_=2
_Inout_bytecap_x_=2
_Inout_bytecount_=2
_Inout_bytecount_c_=2
_Inout_bytecount_x_=2
_Inout_cap_=2
_Inout_cap_c_=2
_Inout_cap_x_=2
_Inout_count_=2
_Inout_count_c_=2
_Inout_count_x_=2
_Inout_defensive_=2
_Inout_grows_updates_bypassable_or_z_=2
_Inout_opt_bytecap_=2
_Inout_opt_bytecap_c_=2
_Inout_opt_bytecap_x_=2
_Inout_opt_bytecount_=2
_Inout_opt_bytecount_c_=2
_Inout_opt_bytecount_x_=2
_Inout_opt_cap_=2
_Inout_opt_cap_c_=2
_Inout_opt_cap_x_=2
_Inout_opt_count_=2
_Inout_opt_count_c_=2
_Inout_opt_count_x_=2
_Inout_opt_ptrdiff_count_=2
_Inout_opt_z_bytecap_=2
_Inout_opt_z_bytecap_c_=2
_Inout_opt_z_bytecap_x_=2
_Inout_opt_z_bytecount_=2
_Inout_opt_z_bytecount_c_=2
_Inout_opt_z_cap_=2
_Inout_opt_z_cap_c_=2
_Inout_opt_z_cap_x_=2
_Inout_opt_z_count_=2
_Inout_opt_z_count_c_=2
_Inout_ptrdiff_count_=2
_Inout_updates_=2
_Inout_updates_all_=2
_Inout_updates_all_opt_=2
_Inout_updates_bytes_=2
_Inout_updates_bytes_all_=2
_Inout_updates_bytes_all_opt_=2
_Inout_updates_bytes_opt_=2
_Inout_updates_bytes_to_=2
_Inout_updates_bytes_to_opt_=2
_Inout_updates_opt_=2
_Inout_updates_opt_z_=2
_Inout_updates_to_=2
_Inout_updates_to_opt_=2
_Inout_updates_z_=2
_Inout_z_bytecap_=2
_Inout_z_bytecap_c_=2
_Inout_z_bytecap_x_=2
_Inout_z_bytecount_=2
_Inout_z_bytecount_c_=2
_Inout_z_cap_=2
_Inout_z_cap_c_=2
_Inout_z_cap_x_=2
_Inout_z_count_=2
_Inout_z_count_c_=2
_Internal_lock_level_order_=2
_Internal_set_lock_count_=2
_Kernel_acquires_resource_=2
_Kernel_clear_do_init_=2
_Kernel_releases_resource_=2
_Kernel_requires_resource_held_=2
_Kernel_requires_resource_not_held_=2
_Lock_level_order_=2
_Memory_origin_=2
_Memory_origin_when_=2
_NDIS_ERROR_TYPEDEF_=2
_On_failure_=2
_On_failure_impl_=2
_Out_bytecap_=2
_Out_bytecap_c_=2
_Out_bytecap_post_bytecount_=2
_Out_bytecap_x_=2
_Out_bytecapcount_=2
_Out_bytecapcount_x_=2
_Out_cap_=2
_Out_cap_c_=2
_Out_cap_m_=2
_Out_cap_post_count_=2
_Out_cap_x_=2
_Out_capcount_=2
_Out_capcount_x_=2
_Out_defensive_=2
_Out_opt_bytecap_=2
_Out_opt_bytecap_c_=2
_Out_opt_bytecap_post_bytecount_=2
_Out_opt_bytecap_x_=2
_Out_opt_bytecapcount_=2
_Out_opt_bytecapcount_x_=2
_Out_opt_cap_=2
_Out_opt_cap_c_=2
_Out_opt_cap_m_=2
_Out_opt_cap_post_count_=2
_Out_opt_cap_x_=2
_Out_opt_capcount_=2
_Out_opt_capcount_x_=2
_Out_opt_ptrdiff_cap_=2
_Out_opt_z_bytecap_=2
_Out_opt_z_bytecap_c_=2
_Out_opt_z_bytecap_post_bytecount_=2
_Out_opt_z_bytecap_x_=2
_Out_opt_z_bytecapcount_=2
_Out_opt_z_cap_=2
_Out_opt_z_cap_c_=2
_Out_opt_z_cap_m_=2
_Out_opt_z_cap_post_count_=2
_Out_opt_z_cap_x_=2
_Out_opt_z_capcount_=2
_Out_ptrdiff_cap_=2
_Out_range_=2
_Out_range_impl_=2
_Out_writes_=2
_Out_writes_all_=2
_Out_writes_all_opt_=2
_Out_writes_bytes_=2
_Out_writes_bytes_all_=2
_Out_writes_bytes_all_opt_=2
_Out_writes_bytes_opt_=2
_Out_writes_bytes_to_=2
_Out_writes_bytes_to_opt_=2
_Out_writes_opt_=2
_Out_writes_opt_z_=2
_Out_writes_to_=2
_Out_writes_to_opt_=2
_Out_writes_to_ptr_=2
_Out_writes_to_ptr_opt_=2
_Out_writes_to_ptr_opt_z_=2
_Out_writes_to_ptr_z_=2
_Out_writes_z_=2
_Out_z_bytecap_=2
_Out_z_bytecap_c_=2
_Out_z_bytecap_post_bytecount_=2
_Out_z_bytecap_x_=2
_Out_z_bytecapcount_=2
_Out_z_cap_=2
_Out_z_cap_c_=2
_Out_z_cap_m_=2
_Out_z_cap_post_count_=2
_Out_z_cap_x_=2
_Out_z_capcount_=2
_Outptr_opt_result_buffer_=2
_Outptr_opt_result_buffer_all_=2
_Outptr_opt_result_buffer_all_maybenull_=2
_Outptr_opt_result_buffer_maybenull_=2
_Outptr_opt_result_buffer_to_=2
_Outptr_opt_result_buffer_to_maybenull_=2
_Outptr_opt_result_bytebuffer_=2
_Outptr_opt_result_bytebuffer_all_=2
_Outptr_opt_result_bytebuffer_all_maybenull_=2
_Outptr_opt_result_bytebuffer_maybenull_=2
_Outptr_opt_result_bytebuffer_to_=2
_Outptr_opt_result_bytebuffer_to_maybenull_=2
_Outptr_result_buffer_=2
_Outptr_result_buffer_all_=2
_Outptr_result_buffer_all_maybenull_=2
_Outptr_result_buffer_maybenull_=2
_Outptr_result_buffer_to_=2
_Outptr_result_buffer_to_maybenull_=2
_Outptr_result_bytebuffer_=2
_Outptr_result_bytebuffer_all_=2
_Outptr_result_bytebuffer_all_maybenull_=2
_Outptr_result_bytebuffer_maybenull_=2
_Outptr_result_bytebuffer_to_=2
_Outptr_result_bytebuffer_to_maybenull_=2
_Outref_result_buffer_=2
_Outref_result_buffer_all_=2
_Outref_result_buffer_all_maybenull_=2
_Outref_result_buffer_maybenull_=2
_Outref_result_buffer_to_=2
_Outref_result_buffer_to_maybenull_=2
_Outref_result_bytebuffer_=2
_Outref_result_bytebuffer_all_=2
_Outref_result_bytebuffer_all_maybenull_=2
_Outref_result_bytebuffer_maybenull_=2
_Outref_result_bytebuffer_to_=2
_Outref_result_bytebuffer_to_maybenull_=2
_PTR_LD=2
_Post1_impl_=2
_Post2_impl_=2
_Post3_impl_=2
_Post_bytecap_=2
_Post_bytecount_=2
_Post_bytecount_c_=2
_Post_bytecount_x_=2
_Post_cap_=2
_Post_count_=2
_Post_count_c_=2
_Post_count_x_=2
_Post_equal_to_=2
_Post_readable_byte_size_=2
_Post_readable_size_=2
_Post_same_lock_=2
_Post_satisfies_=2
_Post_satisfies_impl_=2
_Post_writable_byte_size_=2
_Post_writable_size_=2
_Post_z_bytecount_=2
_Post_z_bytecount_c_=2
_Post_z_bytecount_x_=2
_Post_z_count_=2
_Post_z_count_c_=2
_Post_z_count_x_=2
_Pre1_impl_=2
_Pre2_impl_=2
_Pre3_impl_=2
_Pre_accessible_bytes_=2
_Pre_accessible_bytes_when_=2
_Pre_bytecap_=2
_Pre_bytecap_c_=2
_Pre_bytecap_x_=2
_Pre_bytecount_=2
_Pre_bytecount_c_=2
_Pre_bytecount_x_=2
_Pre_cap_=2
_Pre_cap_c_=2
_Pre_cap_for_=2
_Pre_cap_m_=2
_Pre_cap_x_=2
_Pre_count_=2
_Pre_count_c_=2
_Pre_count_x_=2
_Pre_equal_to_=2
_Pre_opt_bytecap_=2
_Pre_opt_bytecap_c_=2
_Pre_opt_bytecap_x_=2
_Pre_opt_bytecount_=2
_Pre_opt_bytecount_c_=2
_Pre_opt_bytecount_x_=2
_Pre_opt_cap_=2
_Pre_opt_cap_c_=2
_Pre_opt_cap_for_=2
_Pre_opt_cap_m_=2
_Pre_opt_cap_x_=2
_Pre_opt_count_=2
_Pre_opt_count_c_=2
_Pre_opt_count_x_=2
_Pre_opt_ptrdiff_cap_=2
_Pre_opt_ptrdiff_count_=2
_Pre_opt_valid_bytecap_=2
_Pre_opt_valid_bytecap_c_=2
_Pre_opt_valid_bytecap_x_=2
_Pre_opt_valid_cap_=2
_Pre_opt_valid_cap_c_=2
_Pre_opt_valid_cap_x_=2
_Pre_opt_z_bytecap_=2
_Pre_opt_z_bytecap_c_=2
_Pre_opt_z_bytecap_x_=2
_Pre_opt_z_cap_=2
_Pre_opt_z_cap_c_=2
_Pre_opt_z_cap_x_=2
_Pre_ptrdiff_cap_=2
_Pre_ptrdiff_count_=2
_Pre_readable_byte_size_=2
_Pre_readable_size_=2
_Pre_satisfies_=2
_Pre_satisfies_impl_=2
_Pre_valid_bytecap_=2
_Pre_valid_bytecap_c_=2
_Pre_valid_bytecap_x_=2
_Pre_valid_cap_=2
_Pre_valid_cap_c_=2
_Pre_valid_cap_x_=2
_Pre_writable_byte_size_=2
_Pre_writable_size_=2
_Pre_z_bytecap_=2
_Pre_z_bytecap_c_=2
_Pre_z_bytecap_x_=2
_Pre_z_cap_=2
_Pre_z_cap_c_=2
_Pre_z_cap_x_=2
_Prepost_bytecount_=2
_Prepost_bytecount_c_=2
_Prepost_bytecount_x_=2
_Prepost_count_=2
_Prepost_count_c_=2
_Prepost_count_x_=2
_Prepost_opt_bytecount_=2
_Prepost_opt_bytecount_c_=2
_Prepost_opt_bytecount_x_=2
_Prepost_opt_count_=2
_Prepost_opt_count_c_=2
_Prepost_opt_count_x_=2
_Printf_format_string_params_=2
_Range_impl_=2
_Readable_bytes_=2
_Readable_bytes_impl_=2
_Readable_elements_=2
_Readable_elements_impl_=2
_Reallocation_function_=2
_Releases_exclusive_lock_=2
_Releases_lock_=2
_Releases_nonreentrant_lock_=2
_Releases_shared_lock_=2
_Requires_exclusive_lock_held_=2
_Requires_lock_held_=2
_Requires_lock_not_held_=2
_Requires_shared_lock_held_=2
_Ret1_impl_=2
_Ret2_impl_=2
_Ret3_impl_=2
_Ret_bytecap_=2
_Ret_bytecap_c_=2
_Ret_bytecap_x_=2
_Ret_bytecount_=2
_Ret_bytecount_c_=2
_Ret_bytecount_x_=2
_Ret_cap_=2
_Ret_cap_c_=2
_Ret_cap_x_=2
_Ret_count_=2
_Ret_count_c_=2
_Ret_count_x_=2
_Ret_opt_bytecap_=2
_Ret_opt_bytecap_c_=2
_Ret_opt_bytecap_x_=2
_Ret_opt_bytecount_=2
_Ret_opt_bytecount_c_=2
_Ret_opt_bytecount_x_=2
_Ret_opt_cap_=2
_Ret_opt_cap_c_=2
_Ret_opt_cap_x_=2
_Ret_opt_count_=2
_Ret_opt_count_c_=2
_Ret_opt_count_x_=2
_Ret_opt_z_bytecap_=2
_Ret_opt_z_bytecount_=2
_Ret_opt_z_cap_=2
_Ret_opt_z_count_=2
_Ret_range_=2
_Ret_range_impl_=2
_Ret_reallocated_bytes_=2
_Ret_writes_=2
_Ret_writes_bytes_=2
_Ret_writes_bytes_maybenull_=2
_Ret_writes_bytes_to_=2
_Ret_writes_bytes_to_maybenull_=2
_Ret_writes_maybenull_=2
_Ret_writes_maybenull_z_=2
_Ret_writes_to_=2
_Ret_writes_to_maybenull_=2
_Ret_writes_to_ptr_=2
_Ret_writes_to_ptr_z_=2
_Ret_writes_z_=2
_Ret_z_bytecap_=2
_Ret_z_bytecount_=2
_Ret_z_cap_=2
_Ret_z_count_=2
_Return_type_success_=2
_SAL1_1_Source_=2
_SAL1_2_Source_=2
_SAL1_Source_=2
_SAL2_Source_=2
_SAL_L_Source_=2
_SAL_VERSION_CHECK=2
_SAL_VERSION_SAL2=2
_SA_SPECSTRIZE=2
_SA_annotes0=2
_SA_annotes1=2
_SA_annotes2=2
_SA_annotes3=2
_SLOTSIZEOF=2
_STR2WSTR=2
_Satisfies_impl_=2
_Scanf_format_string_params_=2
_Scanf_s_format_string_params_=2
_Struct_size_bytes_=2
_Success_=2
_Success_impl_=2
_Translates_NTSTATUS_to_HRESULT_=2
_Translates_Win32_to_HRESULT_=2
_Unchanged_=2
_User_always_and_needs_probe_on_=2
_User_on_=2
_When_=2
_When_impl_=2
_Writable_bytes_=2
_Writable_bytes_impl_=2
_Writable_elements_=2
_Writable_elements_impl_=2
_Write_guarded_by_=2
_Writes_and_advances_ptr_=2
_Writes_bytes_and_advances_ptr_=2
__$allowed_as_statement_with_arg=2
__ANNOTATION=2
__CRT_APPEND=2
__CRT_STRINGIZE=2
__CRT_WIDE=2
__CRYPT32WTEXT=2
__DECLARE_CPP_OVERLOAD_INLINE_FUNC_0_0_EX=1025
__DECLARE_CPP_OVERLOAD_INLINE_FUNC_0_1_EX=1025
__DECLARE_CPP_OVERLOAD_INLINE_FUNC_0_2_EX=1025
__DECLARE_CPP_OVERLOAD_INLINE_FUNC_0_3_EX=1025
__DECLARE_CPP_OVERLOAD_INLINE_NFUNC_0_0_EX=1025
__DECLARE_CPP_OVERLOAD_INLINE_NFUNC_0_1_EX=1025
__DECLARE_CPP_OVERLOAD_INLINE_NFUNC_0_2_EX=1025
__DECLARE_CPP_OVERLOAD_INLINE_NFUNC_0_3_EX=1025
__DEFINE_CPP_OVERLOAD_INLINE_FUNC_0_0_EX=1025
__DEFINE_CPP_OVERLOAD_INLINE_FUNC_0_1_EX=1025
__DEFINE_CPP_OVERLOAD_INLINE_FUNC_0_2_EX=1025
__DEFINE_CPP_OVERLOAD_INLINE_FUNC_0_3_EX=1025
__DEFINE_CPP_OVERLOAD_INLINE_NFUNC_0_0_EX=1025
__DEFINE_CPP_OVERLOAD_INLINE_NFUNC_0_1_EX=1025
__DEFINE_CPP_OVERLOAD_INLINE_NFUNC_0_2_EX=1025
__DEFINE_CPP_OVERLOAD_INLINE_NFUNC_0_3_EX=1025
__DEFINE_CPP_OVERLOAD_SECURE_FUNC_0_0=1025
__DEFINE_CPP_OVERLOAD_SECURE_FUNC_0_1=1025
__DEFINE_CPP_OVERLOAD_SECURE_FUNC_0_1_ARGLIST=1025
__DEFINE_CPP_OVERLOAD_SECURE_FUNC_0_2=1025
__DEFINE_CPP_OVERLOAD_SECURE_FUNC_0_2_ARGLIST=1025
__DEFINE_CPP_OVERLOAD_SECURE_FUNC_0_3=1025
__DEFINE_CPP_OVERLOAD_SECURE_FUNC_0_4=1025
__DEFINE_CPP_OVERLOAD_SECURE_FUNC_1_1=1025
__DEFINE_CPP_OVERLOAD_SECURE_FUNC_1_2=1025
__DEFINE_CPP_OVERLOAD_SECURE_FUNC_1_3=1025
__DEFINE_CPP_OVERLOAD_SECURE_FUNC_2_0=1025
__DEFINE_CPP_OVERLOAD_SECURE_FUNC_SPLITPATH=1025
__DEFINE_CPP_OVERLOAD_STANDARD_FUNC_0_0=1025
__DEFINE_CPP_OVERLOAD_STANDARD_FUNC_0_0_CGETS=1025
__DEFINE_CPP_OVERLOAD_STANDARD_FUNC_0_0_EX=1025
__DEFINE_CPP_OVERLOAD_STANDARD_FUNC_0_1=1025
__DEFINE_CPP_OVERLOAD_STANDARD_FUNC_0_1_ARGLIST=1025
__DEFINE_CPP_OVERLOAD_STANDARD_FUNC_0_1_ARGLIST_EX=1025
__DEFINE_CPP_OVERLOAD_STANDARD_FUNC_0_1_EX=1025
__DEFINE_CPP_OVERLOAD_STANDARD_FUNC_0_2=1025
__DEFINE_CPP_OVERLOAD_STANDARD_FUNC_0_2_ARGLIST=1025
__DEFINE_CPP_OVERLOAD_STANDARD_FUNC_0_2_ARGLIST_EX=1025
__DEFINE_CPP_OVERLOAD_STANDARD_FUNC_0_2_EX=1025
__DEFINE_CPP_OVERLOAD_STANDARD_FUNC_0_2_SIZE=1025
__DEFINE_CPP_OVERLOAD_STANDARD_FUNC_0_2_SIZE_EX=1025
__DEFINE_CPP_OVERLOAD_STANDARD_FUNC_0_3=1025
__DEFINE_CPP_OVERLOAD_STANDARD_FUNC_0_3_EX=1025
__DEFINE_CPP_OVERLOAD_STANDARD_FUNC_0_3_SIZE=1025
__DEFINE_CPP_OVERLOAD_STANDARD_FUNC_0_3_SIZE_EX=1025
__DEFINE_CPP_OVERLOAD_STANDARD_FUNC_0_4=1025
__DEFINE_CPP_OVERLOAD_STANDARD_FUNC_0_4_EX=1025
__DEFINE_CPP_OVERLOAD_STANDARD_FUNC_1_1=1025
__DEFINE_CPP_OVERLOAD_STANDARD_FUNC_1_1_EX=1025
__DEFINE_CPP_OVERLOAD_STANDARD_FUNC_2_0=1025
__DEFINE_CPP_OVERLOAD_STANDARD_FUNC_2_0_EX=1025
__DEFINE_CPP_OVERLOAD_STANDARD_NFUNC_0_0=1025
__DEFINE_CPP_OVERLOAD_STANDARD_NFUNC_0_0_CGETS=1025
__DEFINE_CPP_OVERLOAD_STANDARD_NFUNC_0_0_EX=1025
__DEFINE_CPP_OVERLOAD_STANDARD_NFUNC_0_0_GETS=1025
__DEFINE_CPP_OVERLOAD_STANDARD_NFUNC_0_1=1025
__DEFINE_CPP_OVERLOAD_STANDARD_NFUNC_0_1_ARGLIST=1025
__DEFINE_CPP_OVERLOAD_STANDARD_NFUNC_0_1_ARGLIST_EX=1025
__DEFINE_CPP_OVERLOAD_STANDARD_NFUNC_0_1_EX=1025
__DEFINE_CPP_OVERLOAD_STANDARD_NFUNC_0_2=1025
__DEFINE_CPP_OVERLOAD_STANDARD_NFUNC_0_2_ARGLIST=1025
__DEFINE_CPP_OVERLOAD_STANDARD_NFUNC_0_2_ARGLIST_EX=1025
__DEFINE_CPP_OVERLOAD_STANDARD_NFUNC_0_2_EX=1025
__DEFINE_CPP_OVERLOAD_STANDARD_NFUNC_0_2_SIZE=1025
__DEFINE_CPP_OVERLOAD_STANDARD_NFUNC_0_2_SIZE_EX=1025
__DEFINE_CPP_OVERLOAD_STANDARD_NFUNC_0_3=1025
__DEFINE_CPP_OVERLOAD_STANDARD_NFUNC_0_3_EX=1025
__DEFINE_CPP_OVERLOAD_STANDARD_NFUNC_0_3_SIZE=1025
__DEFINE_CPP_OVERLOAD_STANDARD_NFUNC_0_3_SIZE_EX=1025
__DEFINE_CPP_OVERLOAD_STANDARD_NFUNC_0_4=1025
__DEFINE_CPP_OVERLOAD_STANDARD_NFUNC_0_4_EX=1025
__DEFINE_CPP_OVERLOAD_STANDARD_NFUNC_1_1=1025
__DEFINE_CPP_OVERLOAD_STANDARD_NFUNC_1_1_EX=1025
__DEFINE_CPP_OVERLOAD_STANDARD_NFUNC_2_0=1025
__DEFINE_CPP_OVERLOAD_STANDARD_NFUNC_2_0_EX=1025
__GENSYM=2
__HRESULT_FROM_WIN32=2
__MKID=2
__PRIMOP=2
__QUALIFIER=2
__RETURN_POLICY_DST=2
__RETURN_POLICY_SAME=2
__RETURN_POLICY_VOID=2
__RPC__deref_in_ecount=2
__RPC__deref_in_ecount_full=2
__RPC__deref_in_ecount_full_opt=2
__RPC__deref_in_ecount_full_opt_string=2
__RPC__deref_in_ecount_full_string=2
__RPC__deref_in_ecount_opt=2
__RPC__deref_in_ecount_opt_string=2
__RPC__deref_in_ecount_part=2
__RPC__deref_in_ecount_part_opt=2
__RPC__deref_in_xcount=2
__RPC__deref_in_xcount_full=2
__RPC__deref_in_xcount_full_opt=2
__RPC__deref_in_xcount_full_opt_string=2
__RPC__deref_in_xcount_full_string=2
__RPC__deref_in_xcount_opt=2
__RPC__deref_in_xcount_opt_string=2
__RPC__deref_in_xcount_part=2
__RPC__deref_in_xcount_part_opt=2
__RPC__deref_inout_ecount_full=2
__RPC__deref_inout_ecount_full_opt=2
__RPC__deref_inout_ecount_full_opt_string=2
__RPC__deref_inout_ecount_full_string=2
__RPC__deref_inout_ecount_opt=2
__RPC__deref_inout_ecount_part_opt=2
__RPC__deref_inout_xcount_full=2
__RPC__deref_inout_xcount_full_opt=2
__RPC__deref_inout_xcount_full_opt_string=2
__RPC__deref_inout_xcount_full_string=2
__RPC__deref_inout_xcount_opt=2
__RPC__deref_inout_xcount_part_opt=2
__RPC__deref_opt_inout_ecount=2
__RPC__deref_opt_inout_ecount_full=2
__RPC__deref_opt_inout_ecount_full_opt=2
__RPC__deref_opt_inout_ecount_full_opt_string=2
__RPC__deref_opt_inout_ecount_full_string=2
__RPC__deref_opt_inout_ecount_opt=2
__RPC__deref_opt_inout_ecount_part=2
__RPC__deref_opt_inout_ecount_part_opt=2
__RPC__deref_opt_inout_xcount_full=2
__RPC__deref_opt_inout_xcount_full_opt=2
__RPC__deref_opt_inout_xcount_full_opt_string=2
__RPC__deref_opt_inout_xcount_full_string=2
__RPC__deref_opt_inout_xcount_opt=2
__RPC__deref_opt_inout_xcount_part=2
__RPC__deref_opt_inout_xcount_part_opt=2
__RPC__deref_out_ecount=2
__RPC__deref_out_ecount_full=2
__RPC__deref_out_ecount_full_opt=2
__RPC__deref_out_ecount_full_opt_string=2
__RPC__deref_out_ecount_full_string=2
__RPC__deref_out_ecount_opt=2
__RPC__deref_out_ecount_part=2
__RPC__deref_out_ecount_part_opt=2
__RPC__deref_out_xcount=2
__RPC__deref_out_xcount_full=2
__RPC__deref_out_xcount_full_opt=2
__RPC__deref_out_xcount_full_opt_string=2
__RPC__deref_out_xcount_full_string=2
__RPC__deref_out_xcount_opt=2
__RPC__deref_out_xcount_part=2
__RPC__deref_out_xcount_part_opt=2
__RPC__in_ecount=2
__RPC__in_ecount_full=2
__RPC__in_ecount_full_opt=2
__RPC__in_ecount_full_opt_string=2
__RPC__in_ecount_full_string=2
__RPC__in_ecount_opt=2
__RPC__in_ecount_opt_string=2
__RPC__in_ecount_part=2
__RPC__in_ecount_part_opt=2
__RPC__in_range=2
__RPC__in_xcount=2
__RPC__in_xcount_full=2
__RPC__in_xcount_full_opt=2
__RPC__in_xcount_full_opt_string=2
__RPC__in_xcount_full_string=2
__RPC__in_xcount_opt=2
__RPC__in_xcount_opt_string=2
__RPC__in_xcount_part=2
__RPC__in_xcount_part_opt=2
__RPC__inout_ecount=2
__RPC__inout_ecount_full=2
__RPC__inout_ecount_full_opt=2
__RPC__inout_ecount_full_opt_string=2
__RPC__inout_ecount_full_string=2
__RPC__inout_ecount_opt=2
__RPC__inout_ecount_part=2
__RPC__inout_ecount_part_opt=2
__RPC__inout_xcount=2
__RPC__inout_xcount_full=2
__RPC__inout_xcount_full_opt=2
__RPC__inout_xcount_full_opt_string=2
__RPC__inout_xcount_full_string=2
__RPC__inout_xcount_opt=2
__RPC__inout_xcount_part=2
__RPC__inout_xcount_part_opt=2
__RPC__out_ecount=2
__RPC__out_ecount_full=2
__RPC__out_ecount_full_string=2
__RPC__out_ecount_part=2
__RPC__out_ecount_string=2
__RPC__out_xcount=2
__RPC__out_xcount_full=2
__RPC__out_xcount_full_string=2
__RPC__out_xcount_part=2
__RPC__out_xcount_string=2
__RPC__range=2
__STR2WSTR=2
__TEXT=2
__UA_STACKCOPY=2
__UA_STRUC_ALIGNED=2
__UA_WSTRSIZE=2
___MKID=2
__acquires_exclusive_lock=2
__acquires_lock=2
__acquires_shared_lock=2
__alignof=3
__allowed=2
__analysis_assert=2
__analysis_assume=2
__analysis_assume_lock_acquired=2
__analysis_assume_lock_released=2
__analysis_assume_nullterminated=2
__analysis_hint=2
__analysis_suppress_lock_checking=2
__assume_bound=2
__assume_validated=2
__bcount=2
__bcount_opt=2
__blocksOn=2
__byte_readableTo=2
__byte_writableTo=2
__bytecap_c_impl=2
__bytecap_impl=2
__bytecap_x_impl=2
__bytecount_c_impl=2
__bytecount_impl=2
__bytecount_x_impl=2
__cap_c_impl=2
__cap_for_impl=2
__cap_impl=2
__cap_x_impl=2
__class_code_content=2
__control_entrypoint=2
__count_c_impl=2
__count_impl=2
__count_x_impl=2
__crt_typefix=2
__data_entrypoint=2
__deallocate=2
__deallocate_opt=2
__declare_lock_level=2
__declspec=3
__deref_bcount=2
__deref_bcount_opt=2
__deref_ecount=2
__deref_ecount_opt=2
__deref_in_bcount=2
__deref_in_bcount_opt=2
__deref_in_ecount=2
__deref_in_ecount_iterator=2
__deref_in_ecount_opt=2
__deref_in_range=2
__deref_in_xcount=2
__deref_in_xcount_opt=2
__deref_inout_bcount=2
__deref_inout_bcount_full=2
__deref_inout_bcount_full_opt=2
__deref_inout_bcount_nz=2
__deref_inout_bcount_nz_opt=2
__deref_inout_bcount_opt=2
__deref_inout_bcount_part=2
__deref_inout_bcount_part_opt=2
__deref_inout_bcount_z=2
__deref_inout_bcount_z_opt=2
__deref_inout_ecount=2
__deref_inout_ecount_full=2
__deref_inout_ecount_full_opt=2
__deref_inout_ecount_iterator=2
__deref_inout_ecount_nz=2
__deref_inout_ecount_nz_opt=2
__deref_inout_ecount_opt=2
__deref_inout_ecount_part=2
__deref_inout_ecount_part_opt=2
__deref_inout_ecount_z=2
__deref_inout_ecount_z_opt=2
__deref_inout_range=2
__deref_inout_xcount=2
__deref_inout_xcount_full=2
__deref_inout_xcount_full_opt=2
__deref_inout_xcount_opt=2
__deref_inout_xcount_part=2
__deref_inout_xcount_part_opt=2
__deref_opt_bcount=2
__deref_opt_bcount_opt=2
__deref_opt_ecount=2
__deref_opt_ecount_opt=2
__deref_opt_in_bcount=2
__deref_opt_in_bcount_opt=2
__deref_opt_in_ecount=2
__deref_opt_in_ecount_opt=2
__deref_opt_in_xcount=2
__deref_opt_in_xcount_opt=2
__deref_opt_inout_bcount=2
__deref_opt_inout_bcount_full=2
__deref_opt_inout_bcount_full_opt=2
__deref_opt_inout_bcount_nz=2
__deref_opt_inout_bcount_nz_opt=2
__deref_opt_inout_bcount_opt=2
__deref_opt_inout_bcount_part=2
__deref_opt_inout_bcount_part_opt=2
__deref_opt_inout_bcount_z=2
__deref_opt_inout_bcount_z_opt=2
__deref_opt_inout_ecount=2
__deref_opt_inout_ecount_full=2
__deref_opt_inout_ecount_full_opt=2
__deref_opt_inout_ecount_nz=2
__deref_opt_inout_ecount_nz_opt=2
__deref_opt_inout_ecount_opt=2
__deref_opt_inout_ecount_part=2
__deref_opt_inout_ecount_part_opt=2
__deref_opt_inout_ecount_z=2
__deref_opt_inout_ecount_z_opt=2
__deref_opt_inout_xcount=2
__deref_opt_inout_xcount_full=2
__deref_opt_inout_xcount_full_opt=2
__deref_opt_inout_xcount_opt=2
__deref_opt_inout_xcount_part=2
__deref_opt_inout_xcount_part_opt=2
__deref_opt_out_bcount=2
__deref_opt_out_bcount_full=2
__deref_opt_out_bcount_full_opt=2
__deref_opt_out_bcount_nz_opt=2
__deref_opt_out_bcount_opt=2
__deref_opt_out_bcount_part=2
__deref_opt_out_bcount_part_opt=2
__deref_opt_out_bcount_z_opt=2
__deref_opt_out_ecount=2
__deref_opt_out_ecount_full=2
__deref_opt_out_ecount_full_opt=2
__deref_opt_out_ecount_nz_opt=2
__deref_opt_out_ecount_opt=2
__deref_opt_out_ecount_part=2
__deref_opt_out_ecount_part_opt=2
__deref_opt_out_ecount_z_opt=2
__deref_opt_out_xcount=2
__deref_opt_out_xcount_full=2
__deref_opt_out_xcount_full_opt=2
__deref_opt_out_xcount_opt=2
__deref_opt_out_xcount_part=2
__deref_opt_out_xcount_part_opt=2
__deref_opt_xcount=2
__deref_opt_xcount_opt=2
__deref_out_bcount=2
__deref_out_bcount_full=2
__deref_out_bcount_full_opt=2
__deref_out_bcount_nz=2
__deref_out_bcount_nz_opt=2
__deref_out_bcount_opt=2
__deref_out_bcount_part=2
__deref_out_bcount_part_opt=2
__deref_out_bcount_z=2
__deref_out_bcount_z_opt=2
__deref_out_ecount=2
__deref_out_ecount_full=2
__deref_out_ecount_full_opt=2
__deref_out_ecount_iterator=2
__deref_out_ecount_nz=2
__deref_out_ecount_nz_opt=2
__deref_out_ecount_opt=2
__deref_out_ecount_part=2
__deref_out_ecount_part_opt=2
__deref_out_ecount_z=2
__deref_out_ecount_z_opt=2
__deref_out_range=2
__deref_out_xcount=2
__deref_out_xcount_full=2
__deref_out_xcount_full_opt=2
__deref_out_xcount_opt=2
__deref_out_xcount_part=2
__deref_out_xcount_part_opt=2
__deref_realloc_bcount=2
__deref_xcount=2
__deref_xcount_opt=2
__drv_Mode_impl=2
__drv_acquiresExclusiveResource=2
__drv_acquiresExclusiveResourceGlobal=2
__drv_acquiresResource=2
__drv_acquiresResourceGlobal=2
__drv_allocatesMem=2
__drv_arg=2
__drv_at=2
__drv_callbackType=2
__drv_clearDoInit=2
__drv_completionType=2
__drv_defined=2
__drv_deref=2
__drv_dispatchType=2
__drv_formatString=2
__drv_freesMem=2
__drv_fun=2
__drv_functionClass=2
__drv_holdsCancelSpinLock=0
__drv_holdsCriticalRegion=0
__drv_holdsPriorityRegion=0
__drv_in=2
__drv_in_deref=2
__drv_innerAcquiresGlobal=2
__drv_innerMustHoldGlobal=2
__drv_innerNeverHoldGlobal=2
__drv_innerReleasesGlobal=2
__drv_maxFunctionIRQL=2
__drv_maxIRQL=2
__drv_minFunctionIRQL=2
__drv_minIRQL=2
__drv_mustHold=2
__drv_mustHoldGlobal=2
__drv_neverHold=2
__drv_neverHoldGlobal=2
__drv_out=2
__drv_out_deref=2
__drv_preferredFunction=2
__drv_raisesIRQL=2
__drv_releasesExclusiveResource=2
__drv_releasesExclusiveResourceGlobal=2
__drv_releasesResource=2
__drv_releasesResourceGlobal=2
__drv_reportError=2
__drv_requiresIRQL=2
__drv_restoresIRQLGlobal=2
__drv_ret=2
__drv_savesIRQLGlobal=2
__drv_setsIRQL=2
__drv_strictType=2
__drv_strictTypeMatch=2
__drv_unit=2
__drv_valueIs=2
__drv_when=2
__ecount=2
__ecount_opt=2
__elem_readableTo=2
__elem_writableTo=2
__failure=2
__failureDefault=2
__field_bcount=2
__field_bcount_full=2
__field_bcount_full_opt=2
__field_bcount_opt=2
__field_bcount_part=2
__field_bcount_part_opt=2
__field_data_source=2
__field_ecount=2
__field_ecount_full=2
__field_ecount_full_opt=2
__field_ecount_opt=2
__field_ecount_part=2
__field_ecount_part_opt=2
__field_range=2
__field_xcount=2
__field_xcount_full=2
__field_xcount_full_opt=2
__field_xcount_opt=2
__field_xcount_part=2
__field_xcount_part_opt=2
__file_parser=2
__file_parser_class=2
__file_parser_library=2
__function_ignore_lock_checking=2
__guarded_by=2
__has_lock_level=2
__has_lock_property=2
__in_awcount=2
__in_bcount=2
__in_bcount_nz=2
__in_bcount_nz_opt=2
__in_bcount_opt=2
__in_bcount_z=2
__in_bcount_z_opt=2
__in_data_source=2
__in_ecount=2
__in_ecount_nz=2
__in_ecount_nz_opt=2
__in_ecount_opt=2
__in_ecount_or_z=2
__in_ecount_z=2
__in_ecount_z_opt=2
__in_range=2
__in_xcount=2
__in_xcount_opt=2
__inexpressible_readableTo=2
__inexpressible_writableTo=2
__inner_adt_add_prop=2
__inner_adt_prop=2
__inner_adt_remove_prop=2
__inner_adt_transfer_prop=2
__inner_adt_type_props=2
__inner_assume_bound=2
__inner_assume_validated=2
__inner_blocksOn=2
__inner_control_entrypoint=2
__inner_data_entrypoint=2
__inner_data_source=2
__inner_out_validated=2
__inner_range=2
__inner_this_data_source=2
__inner_this_out_validated=2
__inner_transfer=2
__inner_typefix=2
__inout_bcount=2
__inout_bcount_full=2
__inout_bcount_full_opt=2
__inout_bcount_nz=2
__inout_bcount_nz_opt=2
__inout_bcount_opt=2
__inout_bcount_part=2
__inout_bcount_part_opt=2
__inout_bcount_z=2
__inout_bcount_z_opt=2
__inout_ecount=2
__inout_ecount_full=2
__inout_ecount_full_opt=2
__inout_ecount_nz=2
__inout_ecount_nz_opt=2
__inout_ecount_opt=2
__inout_ecount_part=2
__inout_ecount_part_opt=2
__inout_ecount_z=2
__inout_ecount_z_opt=2
__inout_xcount=2
__inout_xcount_full=2
__inout_xcount_full_opt=2
__inout_xcount_opt=2
__inout_xcount_part=2
__inout_xcount_part_opt=2
__internal_lock_level_order=2
__lock_level_order=2
__max=2
__min=2
__mult_impl=2
__nop_impl=2
__on_failure=2
__out_awcount=2
__out_bcount=2
__out_bcount_full=2
__out_bcount_full_opt=2
__out_bcount_full_z=2
__out_bcount_full_z_opt=2
__out_bcount_nz=2
__out_bcount_nz_opt=2
__out_bcount_opt=2
__out_bcount_part=2
__out_bcount_part_opt=2
__out_bcount_part_z=2
__out_bcount_part_z_opt=2
__out_bcount_z=2
__out_bcount_z_opt=2
__out_data_source=2
__out_ecount=2
__out_ecount_full=2
__out_ecount_full_opt=2
__out_ecount_full_z=2
__out_ecount_full_z_opt=2
__out_ecount_nz=2
__out_ecount_nz_opt=2
__out_ecount_opt=2
__out_ecount_part=2
__out_ecount_part_opt=2
__out_ecount_part_z=2
__out_ecount_part_z_opt=2
__out_ecount_z=2
__out_ecount_z_opt=2
__out_has_adt_prop=2
__out_has_type_adt_props=2
__out_not_has_adt_prop=2
__out_range=2
__out_transfer_adt_prop=2
__out_validated=2
__out_xcount=2
__out_xcount_full=2
__out_xcount_full_opt=2
__out_xcount_opt=2
__out_xcount_part=2
__out_xcount_part_opt=2
__post_bcount=2
__post_ecount=2
__postcond=2
__precond=2
__range=2
__range_max=2
__range_min=2
__readableTo=2
__releases_exclusive_lock=2
__releases_lock=2
__releases_shared_lock=2
__requires_exclusive_lock_held=2
__requires_lock_held=2
__requires_lock_not_held=2
__requires_shared_lock_held=2
__sdv_retrieve_request=2
__sdv_save_adapter_context=2
__sdv_save_request=2
__source_code_content=2
__static_context=2
__struct_bcount=2
__struct_xcount=2
__success=2
__this_out_data_source=2
__this_out_validated=2
__transfer=2
__type_has_adt_prop=2
__typefix=2
__uuidof=3
__writableTo=2
__write_guarded_by=2
__xcount=2
__xcount_opt=2
_countof=2
_crt_va_arg=2
_crt_va_end=2
_crt_va_start=2
_fgetc_nolock=2
_fileno=2
_fputc_nolock=2
_fseeki64=2
_ftelli64=2
_getc_nolock=2
_getchar_nolock=0
_getwc_nolock=2
_getwchar_nolock=0
_midl_addp=2
_midl_advmp=2
_midl_fa2=2
_midl_fa4=2
_midl_fa8=2
_midl_ma1=2
_midl_ma2=2
_midl_ma4=2
_midl_ma8=2
_midl_marsh_lhs=2
_midl_marsh_up=2
_midl_unma1=2
_midl_unma2=2
_midl_unma3=2
_midl_unma4=2
_midl_unmarsh_up=2
_putc_nolock=2
_putchar_nolock=2
_putwc_nolock=2
_putwchar_nolock=2
_szPROP_ID=2
align=3
boolean_array_from_ndr=2
boolean_from_ndr=2
byte_array_from_ndr=2
byte_from_ndr=2
fclose=2
feof=2
ferror=2
fflush=2
fgetc=2
fgetwc=2
fputwc=2
fread=2
fread_s=2
fseek=2
ftell=2
fwrite=2
getc=2
getchar=0
getwc=2
getwchar=0
high=3
highword=3
length=3
lengthof=3
low=3
mask=3
max=2
min=2
mmioFOURCC=2
offset=3
putc=2
putchar=2
putwc=2
putwchar=2
range=17
size_is=17
sizeof=3
small_array_from_ndr=2
small_from_ndr=2
small_from_ndr_temp=2
sndAlias=2
szOID_CERT_PROP_ID=2
timerclear=2
timercmp=2
timerisset=2
type=3
ungetc=2
ungetwc=2
uuid=3
width=3
wszOID_CERT_PROP_ID=2
