d:\objasm\projects\32\h2incx\sfml\blendmode.h
d:\objasm\projects\32\h2incx\sfml\circleshape.h
d:\objasm\projects\32\h2incx\sfml\clipboard.h
d:\objasm\projects\32\h2incx\sfml\clock.h
d:\objasm\projects\32\h2incx\sfml\color.h
d:\objasm\projects\32\h2incx\sfml\config.h
d:\objasm\projects\32\h2incx\sfml\context.h
d:\objasm\projects\32\h2incx\sfml\convexshape.h
d:\objasm\projects\32\h2incx\sfml\cursor.h
d:\objasm\projects\32\h2incx\sfml\event.h
d:\objasm\projects\32\h2incx\sfml\font.h
d:\objasm\projects\32\h2incx\sfml\fontinfo.h
d:\objasm\projects\32\h2incx\sfml\ftp.h
d:\objasm\projects\32\h2incx\sfml\glyph.h
d:\objasm\projects\32\h2incx\sfml\gpupreference.h
d:\objasm\projects\32\h2incx\sfml\http.h
d:\objasm\projects\32\h2incx\sfml\image.h
d:\objasm\projects\32\h2incx\sfml\inputstream.h
d:\objasm\projects\32\h2incx\sfml\ipaddress.h
d:\objasm\projects\32\h2incx\sfml\joystick.h
d:\objasm\projects\32\h2incx\sfml\joystickidentification.h
d:\objasm\projects\32\h2incx\sfml\keyboard.h
d:\objasm\projects\32\h2incx\sfml\listener.h
d:\objasm\projects\32\h2incx\sfml\mouse.h
d:\objasm\projects\32\h2incx\sfml\music.h
d:\objasm\projects\32\h2incx\sfml\mutex.h
d:\objasm\projects\32\h2incx\sfml\opengl.h
d:\objasm\projects\32\h2incx\sfml\packet.h
d:\objasm\projects\32\h2incx\sfml\primitivetype.h
d:\objasm\projects\32\h2incx\sfml\rect.h
d:\objasm\projects\32\h2incx\sfml\rectangleshape.h
d:\objasm\projects\32\h2incx\sfml\renderstates.h
d:\objasm\projects\32\h2incx\sfml\rendertexture.h
d:\objasm\projects\32\h2incx\sfml\renderwindow.h
d:\objasm\projects\32\h2incx\sfml\sensor.h
d:\objasm\projects\32\h2incx\sfml\sfml_master.h
d:\objasm\projects\32\h2incx\sfml\shader.h
d:\objasm\projects\32\h2incx\sfml\shape.h
d:\objasm\projects\32\h2incx\sfml\sleep.h
d:\objasm\projects\32\h2incx\sfml\socketselector.h
d:\objasm\projects\32\h2incx\sfml\socketstatus.h
d:\objasm\projects\32\h2incx\sfml\sound.h
d:\objasm\projects\32\h2incx\sfml\soundbuffer.h
d:\objasm\projects\32\h2incx\sfml\soundbufferrecorder.h
d:\objasm\projects\32\h2incx\sfml\soundrecorder.h
d:\objasm\projects\32\h2incx\sfml\soundstatus.h
d:\objasm\projects\32\h2incx\sfml\soundstream.h
d:\objasm\projects\32\h2incx\sfml\sprite.h
d:\objasm\projects\32\h2incx\sfml\stddef.h
d:\objasm\projects\32\h2incx\sfml\tcplistener.h
d:\objasm\projects\32\h2incx\sfml\tcpsocket.h
d:\objasm\projects\32\h2incx\sfml\text.h
d:\objasm\projects\32\h2incx\sfml\texture.h
d:\objasm\projects\32\h2incx\sfml\thread.h
d:\objasm\projects\32\h2incx\sfml\time.h
d:\objasm\projects\32\h2incx\sfml\touch.h
d:\objasm\projects\32\h2incx\sfml\transform.h
d:\objasm\projects\32\h2incx\sfml\transformable.h
d:\objasm\projects\32\h2incx\sfml\udpsocket.h
d:\objasm\projects\32\h2incx\sfml\vector2.h
d:\objasm\projects\32\h2incx\sfml\vector3.h
d:\objasm\projects\32\h2incx\sfml\vertex.h
d:\objasm\projects\32\h2incx\sfml\vertexarray.h
d:\objasm\projects\32\h2incx\sfml\vertexbuffer.h
d:\objasm\projects\32\h2incx\sfml\videomode.h
d:\objasm\projects\32\h2incx\sfml\view.h
d:\objasm\projects\32\h2incx\sfml\window.h
d:\objasm\projects\32\h2incx\sfml\windows.h
